 RenderSystem_Direct3D9

 Timestamp is 53c3b863 (Mon Jul 14 19:00:51 2014)

 Preferred load address is 10000000

 Start         Length     Name                   Class
 0001:00000000 00029e48H .text                   CODE
 0001:00029e50 00001b38H .text$x                 CODE
 0001:0002b990 000001e7H .text$yc                CODE
 0001:0002bb80 00000010H .text$yd                CODE
 0002:00000000 00000314H .idata$5                DATA
 0002:00000314 00000004H .CRT$XCA                DATA
 0002:00000318 0000003cH .CRT$XCU                DATA
 0002:00000354 00000004H .CRT$XCZ                DATA
 0002:00000358 00000004H .CRT$XIA                DATA
 0002:0000035c 00000004H .CRT$XIAA               DATA
 0002:00000360 00000004H .CRT$XIZ                DATA
 0002:00000370 000029e0H .rdata                  DATA
 0002:00002d50 00000042H .rdata$debug            DATA
 0002:00002d94 00001538H .rdata$r                DATA
 0002:000042d0 00000220H .rdata$sxdata           DATA
 0002:000044f0 00000004H .rtc$IAA                DATA
 0002:000044f4 00000004H .rtc$IZZ                DATA
 0002:000044f8 00000004H .rtc$TAA                DATA
 0002:000044fc 00000004H .rtc$TZZ                DATA
 0002:00004500 00002344H .xdata$x                DATA
 0002:00006844 000000a0H .idata$2                DATA
 0002:000068e4 00000014H .idata$3                DATA
 0002:000068f8 00000314H .idata$4                DATA
 0002:00006c0c 00001a0eH .idata$6                DATA
 0002:00008620 00000074H .edata                  DATA
 0003:00000000 00000ca8H .data                   DATA
 0003:00000ca8 00000408H .bss                    DATA
 0004:00000000 00000058H .rsrc$01                DATA
 0004:00000060 000002f0H .rsrc$02                DATA

  Address         Publics by Value              Rva+Base       Lib:Object

 0000:00000000       __except_list              00000000     <absolute>
 0000:00000088       ___safe_se_handler_count   00000088     <absolute>
 0000:00009876       __fltused                  00009876     <absolute>
 0000:00009876       __ldused                   00009876     <absolute>
 0000:00000000       ___ImageBase               10000000     <linker-defined>
 0001:00000000       ?Process@CMd5@@AAEXPBE@Z   10001000 f   Md5.obj
 0001:00000e20       ?Begin@CMd5@@QAEXXZ        10001e20 f   Md5.obj
 0001:00000e70       ?Append@CMd5@@QAEXPBEI@Z   10001e70 f   Md5.obj
 0001:00000fa0       ?End@CMd5@@QAEXQAE@Z       10001fa0 f   Md5.obj
 0001:00001070       ?GetMD5Base16Str@CMd5@@QAEXPAD@Z 10002070 f   Md5.obj
 0001:000011d0       ??1D3DDEVICEINFO_T@Ogre@@QAE@XZ 100021d0 f   OgreD3D9DriverEnum.obj
 0001:00001290       ??1D3DADAPTER_T@Ogre@@QAE@XZ 10002290 f   OgreD3D9DriverEnum.obj
 0001:00001360       ??0D3DEnumeration@Ogre@@QAE@XZ 10002360 f   OgreD3D9DriverEnum.obj
 0001:000014a0       ??1D3DEnumeration@Ogre@@QAE@XZ 100024a0 f   OgreD3D9DriverEnum.obj
 0001:00001560       ?Enumerate@D3DEnumeration@Ogre@@QAEHPAUIDirect3D9@@P6AHPAU_D3DCAPS9@@W4VERTPROCESS_T@2@W4_D3DFORMAT@@3@Z@Z 10002560 f   OgreD3D9DriverEnum.obj
 0001:000019a0       ?EnumerateDevices@D3DEnumeration@Ogre@@AAEXPAUD3DADAPTER_T@2@AAV?$vector@W4_D3DFORMAT@@V?$allocator@W4_D3DFORMAT@@@std@@@std@@@Z 100029a0 f   OgreD3D9DriverEnum.obj
 0001:00001b20       ?EnumerateDeviceCombo@D3DEnumeration@Ogre@@AAEXPAUD3DDEVICEINFO_T@2@AAV?$vector@W4_D3DFORMAT@@V?$allocator@W4_D3DFORMAT@@@std@@@std@@@Z 10002b20 f   OgreD3D9DriverEnum.obj
 0001:00001ce0       ?ComputeDeviceCombo@D3DEnumeration@Ogre@@AAEPAUD3DDEVCOMBO_T@2@PAUD3DDEVICEINFO_T@2@W4_D3DFORMAT@@1H@Z 10002ce0 f   OgreD3D9DriverEnum.obj
 0001:00001f10       ?BuildDepthStencilFormatList@D3DEnumeration@Ogre@@AAEXPAUD3DDEVCOMBO_T@2@@Z 10002f10 f   OgreD3D9DriverEnum.obj
 0001:00002120       ?BuildMultiSampleTypeList@D3DEnumeration@Ogre@@AAEXPAUD3DDEVCOMBO_T@2@@Z 10003120 f   OgreD3D9DriverEnum.obj
 0001:00002230       ?BuildDSMSConflictList@D3DEnumeration@Ogre@@AAEXPAUD3DDEVCOMBO_T@2@@Z 10003230 f   OgreD3D9DriverEnum.obj
 0001:00002310       ?ConfirmDevice@D3DEnumeration@Ogre@@AAEXPAUD3DDEVICEINFO_T@2@PAUD3DDEVCOMBO_T@2@W4VERTPROCESS_T@2@@Z 10003310 f   OgreD3D9DriverEnum.obj
 0001:00002360       ?BuildVertexProcessingTypeList@D3DEnumeration@Ogre@@AAEXPAUD3DDEVICEINFO_T@2@PAUD3DDEVCOMBO_T@2@@Z 10003360 f   OgreD3D9DriverEnum.obj
 0001:000023e0       ?BuildPresentIntervalList@D3DEnumeration@Ogre@@AAEXPAUD3DDEVICEINFO_T@2@PAUD3DDEVCOMBO_T@2@@Z 100033e0 f   OgreD3D9DriverEnum.obj
 0001:00002480       ?ChooseD3DSettings@D3DEnumeration@Ogre@@QAEABUD3DSETTING_T@2@ABUInitDesc@RenderSystem@2@@Z 10003480 f   OgreD3D9DriverEnum.obj
 0001:00002660       ?MultiSampleConvert@Ogre@@YA?AW4_D3DMULTISAMPLE_TYPE@@H@Z 10003660 f   OgreD3D9DriverEnum.obj
 0001:000026b0       ?GetRenderTargetFormat@D3DEnumeration@Ogre@@QAE_NAAW4_D3DFORMAT@@AAW4_D3DMULTISAMPLE_TYPE@@W43@HHH@Z 100036b0 f   OgreD3D9DriverEnum.obj
 0001:000029c0       ?FindBestWindowMode@D3DEnumeration@Ogre@@AAEXABUInitDesc@RenderSystem@2@@Z 100039c0 f   OgreD3D9DriverEnum.obj
 0001:00002b00       ?FindBestFullscreenMode@D3DEnumeration@Ogre@@AAEXABUInitDesc@RenderSystem@2@@Z 10003b00 f   OgreD3D9DriverEnum.obj
 0001:00002d80       ??_GD3DDEVCOMBO_T@Ogre@@QAEPAXI@Z 10003d80 f i OgreD3D9DriverEnum.obj
 0001:00002db0       ??1D3DDEVCOMBO_T@Ogre@@QAE@XZ 10003db0 f i OgreD3D9DriverEnum.obj
 0001:00002e50       ??_GD3DDEVICEINFO_T@Ogre@@QAEPAXI@Z 10003e50 f i OgreD3D9DriverEnum.obj
 0001:00002e80       ??_GD3DADAPTER_T@Ogre@@QAEPAXI@Z 10003e80 f i OgreD3D9DriverEnum.obj
 0001:00002eb0       ??0D3DADAPTER_T@Ogre@@QAE@XZ 10003eb0 f i OgreD3D9DriverEnum.obj
 0001:00002f20       ??0D3DDEVICEINFO_T@Ogre@@QAE@XZ 10003f20 f i OgreD3D9DriverEnum.obj
 0001:00002f80       ?Dismiss@ScopeGuardImplBase@Ogre@@QBEXXZ 10003f80 f i OgreD3D9DriverEnum.obj
 0001:00002fa0       ??0D3DDEVCOMBO_T@Ogre@@QAE@XZ 10003fa0 f i OgreD3D9DriverEnum.obj
 0001:00003040       ?size@?$vector@PAVCompiledShader@Ogre@@V?$allocator@PAVCompiledShader@Ogre@@@std@@@std@@QBEIXZ 10004040 f i OgreD3D9ShaderManager.obj
 0001:00003040       ?size@?$vector@W4_D3DMULTISAMPLE_TYPE@@V?$allocator@W4_D3DMULTISAMPLE_TYPE@@@std@@@std@@QBEIXZ 10004040 f i OgreD3D9DriverEnum.obj
 0001:00003040       ?size@?$vector@PAVD3D9TextureRenderTarget@Ogre@@V?$allocator@PAVD3D9TextureRenderTarget@Ogre@@@std@@@std@@QBEIXZ 10004040 f i OgreD3D9HardwarePixelBuffer.obj
 0001:00003040       ?size@?$vector@IV?$allocator@I@std@@@std@@QBEIXZ 10004040 f i OgreD3D9DriverEnum.obj
 0001:00003040       ?size@?$vector@PAVD3DRenderWindow@Ogre@@V?$allocator@PAVD3DRenderWindow@Ogre@@@std@@@std@@QBEIXZ 10004040 f i OgreD3D9RenderSystem.obj
 0001:00003040       ?size@?$vector@PAVD3D9VertexDecl@Ogre@@V?$allocator@PAVD3D9VertexDecl@Ogre@@@std@@@std@@QBEIXZ 10004040 f i OgreD3D9RenderSystem.obj
 0001:00003040       ?size@?$vector@PAUD3DDEVICEINFO_T@Ogre@@V?$allocator@PAUD3DDEVICEINFO_T@Ogre@@@std@@@std@@QBEIXZ 10004040 f i OgreD3D9DriverEnum.obj
 0001:00003040       ?size@?$vector@PAUTechniqueDesc@Ogre@@V?$allocator@PAUTechniqueDesc@Ogre@@@std@@@std@@QBEIXZ 10004040 f i OgreD3D9ShaderManager.obj
 0001:00003040       ?size@?$vector@W4_D3DFORMAT@@V?$allocator@W4_D3DFORMAT@@@std@@@std@@QBEIXZ 10004040 f i OgreD3D9DriverEnum.obj
 0001:00003040       ?size@?$vector@PAUD3DDEVCOMBO_T@Ogre@@V?$allocator@PAUD3DDEVCOMBO_T@Ogre@@@std@@@std@@QBEIXZ 10004040 f i OgreD3D9DriverEnum.obj
 0001:00003040       ?size@?$vector@PAUTechCache@D3DMaterialTemplate@Ogre@@V?$allocator@PAUTechCache@D3DMaterialTemplate@Ogre@@@std@@@std@@QBEIXZ 10004040 f i OgreD3DMaterialTemplate.obj
 0001:00003040       ?size@?$vector@W4VERTPROCESS_T@Ogre@@V?$allocator@W4VERTPROCESS_T@Ogre@@@std@@@std@@QBEIXZ 10004040 f i OgreD3D9DriverEnum.obj
 0001:00003040       ?size@?$vector@PAUD3DADAPTER_T@Ogre@@V?$allocator@PAUD3DADAPTER_T@Ogre@@@std@@@std@@QBEIXZ 10004040 f i OgreD3D9DriverEnum.obj
 0001:00003060       ?push_back@?$vector@W4VERTPROCESS_T@Ogre@@V?$allocator@W4VERTPROCESS_T@Ogre@@@std@@@std@@QAEXABW4VERTPROCESS_T@Ogre@@@Z 10004060 f i OgreD3D9DriverEnum.obj
 0001:00003060       ?push_back@?$vector@W4_D3DFORMAT@@V?$allocator@W4_D3DFORMAT@@@std@@@std@@QAEXABW4_D3DFORMAT@@@Z 10004060 f i OgreD3D9DriverEnum.obj
 0001:00003060       ?push_back@?$vector@W4_D3DMULTISAMPLE_TYPE@@V?$allocator@W4_D3DMULTISAMPLE_TYPE@@@std@@@std@@QAEXABW4_D3DMULTISAMPLE_TYPE@@@Z 10004060 f i OgreD3D9DriverEnum.obj
 0001:000030e0       ??1?$vector@W4_D3DMULTISAMPLE_TYPE@@V?$allocator@W4_D3DMULTISAMPLE_TYPE@@@std@@@std@@QAE@XZ 100040e0 f i OgreD3D9DriverEnum.obj
 0001:000030e0       ??1?$vector@W4VERTPROCESS_T@Ogre@@V?$allocator@W4VERTPROCESS_T@Ogre@@@std@@@std@@QAE@XZ 100040e0 f i OgreD3D9DriverEnum.obj
 0001:000030e0       ??1?$vector@W4_D3DFORMAT@@V?$allocator@W4_D3DFORMAT@@@std@@@std@@QAE@XZ 100040e0 f i OgreD3D9DriverEnum.obj
 0001:00003140       ?push_back@?$vector@U_D3DXMACRO@@V?$allocator@U_D3DXMACRO@@@std@@@std@@QAEXABU_D3DXMACRO@@@Z 10004140 f i OgreD3D9ShaderManager.obj
 0001:00003140       ?push_back@?$vector@UD3DSMSCONFLICT_T@Ogre@@V?$allocator@UD3DSMSCONFLICT_T@Ogre@@@std@@@std@@QAEXABUD3DSMSCONFLICT_T@Ogre@@@Z 10004140 f i OgreD3D9DriverEnum.obj
 0001:000031c0       ??1?$vector@PAUTechniqueDesc@Ogre@@V?$allocator@PAUTechniqueDesc@Ogre@@@std@@@std@@QAE@XZ 100041c0 f i OgreD3D9ShaderManager.obj
 0001:000031c0       ??1?$vector@IV?$allocator@I@std@@@std@@QAE@XZ 100041c0 f i OgreD3D9DriverEnum.obj
 0001:000031c0       ??1?$vector@PAUD3DDEVCOMBO_T@Ogre@@V?$allocator@PAUD3DDEVCOMBO_T@Ogre@@@std@@@std@@QAE@XZ 100041c0 f i OgreD3D9DriverEnum.obj
 0001:000031c0       ??1?$vector@PAVD3D9VertexDecl@Ogre@@V?$allocator@PAVD3D9VertexDecl@Ogre@@@std@@@std@@QAE@XZ 100041c0 f i OgreD3D9RenderSystem.obj
 0001:000031c0       ??1?$vector@PAUTechCache@D3DMaterialTemplate@Ogre@@V?$allocator@PAUTechCache@D3DMaterialTemplate@Ogre@@@std@@@std@@QAE@XZ 100041c0 f i OgreD3DMaterialTemplate.obj
 0001:000031c0       ??1?$vector@PAUD3DDEVICEINFO_T@Ogre@@V?$allocator@PAUD3DDEVICEINFO_T@Ogre@@@std@@@std@@QAE@XZ 100041c0 f i OgreD3D9DriverEnum.obj
 0001:000031c0       ??1?$vector@PAUD3DADAPTER_T@Ogre@@V?$allocator@PAUD3DADAPTER_T@Ogre@@@std@@@std@@QAE@XZ 100041c0 f i OgreD3D9DriverEnum.obj
 0001:000031c0       ??1?$vector@PAVD3D9TextureRenderTarget@Ogre@@V?$allocator@PAVD3D9TextureRenderTarget@Ogre@@@std@@@std@@QAE@XZ 100041c0 f i OgreD3D9HardwarePixelBuffer.obj
 0001:000031c0       ??1?$vector@PAUIDirect3DBaseTexture9@@V?$allocator@PAUIDirect3DBaseTexture9@@@std@@@std@@QAE@XZ 100041c0 f i OgreD3D9HardwarePixelBuffer.obj
 0001:000031c0       ??1?$vector@PAVCompiledShader@Ogre@@V?$allocator@PAVCompiledShader@Ogre@@@std@@@std@@QAE@XZ 100041c0 f i OgreD3D9ShaderManager.obj
 0001:000031c0       ??1?$vector@PAVD3DRenderWindow@Ogre@@V?$allocator@PAVD3DRenderWindow@Ogre@@@std@@@std@@QAE@XZ 100041c0 f i OgreD3D9RenderSystem.obj
 0001:00003220       ?empty@?$vector@PAUTechCache@D3DMaterialTemplate@Ogre@@V?$allocator@PAUTechCache@D3DMaterialTemplate@Ogre@@@std@@@std@@QBE_NXZ 10004220 f i OgreD3DMaterialTemplate.obj
 0001:00003220       ?empty@?$vector@W4VERTPROCESS_T@Ogre@@V?$allocator@W4VERTPROCESS_T@Ogre@@@std@@@std@@QBE_NXZ 10004220 f i OgreD3D9DriverEnum.obj
 0001:00003220       ?empty@?$vector@W4_D3DMULTISAMPLE_TYPE@@V?$allocator@W4_D3DMULTISAMPLE_TYPE@@@std@@@std@@QBE_NXZ 10004220 f i OgreD3D9DriverEnum.obj
 0001:00003220       ?empty@?$vector@PAUD3DDEVCOMBO_T@Ogre@@V?$allocator@PAUD3DDEVCOMBO_T@Ogre@@@std@@@std@@QBE_NXZ 10004220 f i OgreD3D9DriverEnum.obj
 0001:00003220       ?empty@?$vector@W4_D3DFORMAT@@V?$allocator@W4_D3DFORMAT@@@std@@@std@@QBE_NXZ 10004220 f i OgreD3D9DriverEnum.obj
 0001:00003240       ??0?$vector@U_D3DDISPLAYMODE@@V?$allocator@U_D3DDISPLAYMODE@@@std@@@std@@QAE@XZ 10004240 f i OgreD3D9DriverEnum.obj
 0001:00003240       ??0?$vector@TShaderEnvKey@Ogre@@V?$allocator@TShaderEnvKey@Ogre@@@std@@@std@@QAE@XZ 10004240 f i OgreD3D9ShaderManager.obj
 0001:000032b0       ?size@?$vector@U_D3DDISPLAYMODE@@V?$allocator@U_D3DDISPLAYMODE@@@std@@@std@@QBEIXZ 100042b0 f i OgreD3D9DriverEnum.obj
 0001:000032b0       ?size@?$vector@TShaderEnvKey@Ogre@@V?$allocator@TShaderEnvKey@Ogre@@@std@@@std@@QBEIXZ 100042b0 f i OgreD3D9ShaderManager.obj
 0001:000032d0       ?push_back@?$vector@U_D3DDISPLAYMODE@@V?$allocator@U_D3DDISPLAYMODE@@@std@@@std@@QAEXABU_D3DDISPLAYMODE@@@Z 100042d0 f i OgreD3D9DriverEnum.obj
 0001:00003350       ??1?$PtrScopeGuardImpl@UD3DDEVCOMBO_T@Ogre@@@Ogre@@QAE@XZ 10004350 f i OgreD3D9DriverEnum.obj
 0001:000033b0       ?insert@?$vector@W4_D3DFORMAT@@V?$allocator@W4_D3DFORMAT@@@std@@@std@@QAE?AV?$_Vector_iterator@W4_D3DFORMAT@@V?$allocator@W4_D3DFORMAT@@@std@@@2@V?$_Vector_const_iterator@W4_D3DFORMAT@@V?$allocator@W4_D3DFORMAT@@@std@@@2@ABW4_D3DFORMAT@@@Z 100043b0 f i OgreD3D9DriverEnum.obj
 0001:000033b0       ?insert@?$vector@W4VERTPROCESS_T@Ogre@@V?$allocator@W4VERTPROCESS_T@Ogre@@@std@@@std@@QAE?AV?$_Vector_iterator@W4VERTPROCESS_T@Ogre@@V?$allocator@W4VERTPROCESS_T@Ogre@@@std@@@2@V?$_Vector_const_iterator@W4VERTPROCESS_T@Ogre@@V?$allocator@W4VERTPROCESS_T@Ogre@@@std@@@2@ABW4VERTPROCESS_T@Ogre@@@Z 100043b0 f i OgreD3D9DriverEnum.obj
 0001:000033b0       ?insert@?$vector@W4_D3DMULTISAMPLE_TYPE@@V?$allocator@W4_D3DMULTISAMPLE_TYPE@@@std@@@std@@QAE?AV?$_Vector_iterator@W4_D3DMULTISAMPLE_TYPE@@V?$allocator@W4_D3DMULTISAMPLE_TYPE@@@std@@@2@V?$_Vector_const_iterator@W4_D3DMULTISAMPLE_TYPE@@V?$allocator@W4_D3DMULTISAMPLE_TYPE@@@std@@@2@ABW4_D3DMULTISAMPLE_TYPE@@@Z 100043b0 f i OgreD3D9DriverEnum.obj
 0001:00003430       ?_Buy@?$vector@W4_D3DFORMAT@@V?$allocator@W4_D3DFORMAT@@@std@@@std@@IAE_NI@Z 10004430 f i OgreD3D9DriverEnum.obj
 0001:00003430       ?_Buy@?$vector@PAUTechniqueDesc@Ogre@@V?$allocator@PAUTechniqueDesc@Ogre@@@std@@@std@@IAE_NI@Z 10004430 f i OgreD3D9ShaderManager.obj
 0001:00003430       ?_Buy@?$vector@W4_D3DMULTISAMPLE_TYPE@@V?$allocator@W4_D3DMULTISAMPLE_TYPE@@@std@@@std@@IAE_NI@Z 10004430 f i OgreD3D9DriverEnum.obj
 0001:00003430       ?_Buy@?$vector@W4VERTPROCESS_T@Ogre@@V?$allocator@W4VERTPROCESS_T@Ogre@@@std@@@std@@IAE_NI@Z 10004430 f i OgreD3D9DriverEnum.obj
 0001:00003430       ?_Buy@?$vector@PAUTechCache@D3DMaterialTemplate@Ogre@@V?$allocator@PAUTechCache@D3DMaterialTemplate@Ogre@@@std@@@std@@IAE_NI@Z 10004430 f i OgreD3DMaterialTemplate.obj
 0001:00003430       ?_Buy@?$vector@PAVCompiledShader@Ogre@@V?$allocator@PAVCompiledShader@Ogre@@@std@@@std@@IAE_NI@Z 10004430 f i OgreD3D9ShaderManager.obj
 0001:00003430       ?_Buy@?$vector@PAVD3D9TextureRenderTarget@Ogre@@V?$allocator@PAVD3D9TextureRenderTarget@Ogre@@@std@@@std@@IAE_NI@Z 10004430 f i OgreD3D9HardwarePixelBuffer.obj
 0001:00003430       ?_Buy@?$vector@PAVD3DRenderWindow@Ogre@@V?$allocator@PAVD3DRenderWindow@Ogre@@@std@@@std@@IAE_NI@Z 10004430 f i OgreD3D9RenderSystem.obj
 0001:00003430       ?_Buy@?$vector@PAUIDirect3DBaseTexture9@@V?$allocator@PAUIDirect3DBaseTexture9@@@std@@@std@@IAE_NI@Z 10004430 f i OgreD3D9HardwarePixelBuffer.obj
 0001:00003430       ?_Buy@?$vector@PAVD3D9VertexDecl@Ogre@@V?$allocator@PAVD3D9VertexDecl@Ogre@@@std@@@std@@IAE_NI@Z 10004430 f i OgreD3D9RenderSystem.obj
 0001:00003430       ?_Buy@?$vector@PAUD3DDEVCOMBO_T@Ogre@@V?$allocator@PAUD3DDEVCOMBO_T@Ogre@@@std@@@std@@IAE_NI@Z 10004430 f i OgreD3D9DriverEnum.obj
 0001:00003430       ?_Buy@?$vector@IV?$allocator@I@std@@@std@@IAE_NI@Z 10004430 f i OgreD3D9DriverEnum.obj
 0001:00003430       ?_Buy@?$vector@PAUD3DADAPTER_T@Ogre@@V?$allocator@PAUD3DADAPTER_T@Ogre@@@std@@@std@@IAE_NI@Z 10004430 f i OgreD3D9DriverEnum.obj
 0001:00003430       ?_Buy@?$vector@PAUD3DDEVICEINFO_T@Ogre@@V?$allocator@PAUD3DDEVICEINFO_T@Ogre@@@std@@@std@@IAE_NI@Z 10004430 f i OgreD3D9DriverEnum.obj
 0001:000034b0       ?_Tidy@?$vector@W4_D3DMULTISAMPLE_TYPE@@V?$allocator@W4_D3DMULTISAMPLE_TYPE@@@std@@@std@@IAEXXZ 100044b0 f i OgreD3D9DriverEnum.obj
 0001:000034b0       ?_Tidy@?$vector@W4VERTPROCESS_T@Ogre@@V?$allocator@W4VERTPROCESS_T@Ogre@@@std@@@std@@IAEXXZ 100044b0 f i OgreD3D9DriverEnum.obj
 0001:000034b0       ?_Tidy@?$vector@W4_D3DFORMAT@@V?$allocator@W4_D3DFORMAT@@@std@@@std@@IAEXXZ 100044b0 f i OgreD3D9DriverEnum.obj
 0001:00003520       ?_Ufill@?$vector@W4_D3DFORMAT@@V?$allocator@W4_D3DFORMAT@@@std@@@std@@IAEPAW4_D3DFORMAT@@PAW43@IABW43@@Z 10004520 f i OgreD3D9DriverEnum.obj
 0001:00003520       ?_Ufill@?$vector@W4_D3DMULTISAMPLE_TYPE@@V?$allocator@W4_D3DMULTISAMPLE_TYPE@@@std@@@std@@IAEPAW4_D3DMULTISAMPLE_TYPE@@PAW43@IABW43@@Z 10004520 f i OgreD3D9DriverEnum.obj
 0001:00003520       ?_Ufill@?$vector@W4VERTPROCESS_T@Ogre@@V?$allocator@W4VERTPROCESS_T@Ogre@@@std@@@std@@IAEPAW4VERTPROCESS_T@Ogre@@PAW434@IABW434@@Z 10004520 f i OgreD3D9DriverEnum.obj
 0001:00003560       ?capacity@?$vector@U_D3DXMACRO@@V?$allocator@U_D3DXMACRO@@@std@@@std@@QBEIXZ 10004560 f i OgreD3D9ShaderManager.obj
 0001:00003560       ?capacity@?$vector@UD3DSMSCONFLICT_T@Ogre@@V?$allocator@UD3DSMSCONFLICT_T@Ogre@@@std@@@std@@QBEIXZ 10004560 f i OgreD3D9DriverEnum.obj
 0001:000035a0       ?insert@?$vector@UD3DSMSCONFLICT_T@Ogre@@V?$allocator@UD3DSMSCONFLICT_T@Ogre@@@std@@@std@@QAE?AV?$_Vector_iterator@UD3DSMSCONFLICT_T@Ogre@@V?$allocator@UD3DSMSCONFLICT_T@Ogre@@@std@@@2@V?$_Vector_const_iterator@UD3DSMSCONFLICT_T@Ogre@@V?$allocator@UD3DSMSCONFLICT_T@Ogre@@@std@@@2@ABUD3DSMSCONFLICT_T@Ogre@@@Z 100045a0 f i OgreD3D9DriverEnum.obj
 0001:000035a0       ?insert@?$vector@U_D3DXMACRO@@V?$allocator@U_D3DXMACRO@@@std@@@std@@QAE?AV?$_Vector_iterator@U_D3DXMACRO@@V?$allocator@U_D3DXMACRO@@@std@@@2@V?$_Vector_const_iterator@U_D3DXMACRO@@V?$allocator@U_D3DXMACRO@@@std@@@2@ABU_D3DXMACRO@@@Z 100045a0 f i OgreD3D9ShaderManager.obj
 0001:00003620       ??0?$allocator@PAUD3DDEVICEINFO_T@Ogre@@@std@@QAE@XZ 10004620 f i OgreD3D9DriverEnum.obj
 0001:00003620       ??0?$allocator@I@std@@QAE@XZ 10004620 f i OgreD3D9DriverEnum.obj
 0001:00003620       ??0?$allocator@PAVCompiledShader@Ogre@@@std@@QAE@XZ 10004620 f i OgreD3D9ShaderManager.obj
 0001:00003620       ??0?$allocator@PAVD3D9VertexDecl@Ogre@@@std@@QAE@XZ 10004620 f i OgreD3D9RenderSystem.obj
 0001:00003620       ??0?$allocator@PAUIDirect3DBaseTexture9@@@std@@QAE@XZ 10004620 f i OgreD3D9HardwarePixelBuffer.obj
 0001:00003620       ??0?$allocator@PAVD3D9TextureRenderTarget@Ogre@@@std@@QAE@XZ 10004620 f i OgreD3D9HardwarePixelBuffer.obj
 0001:00003620       ??0?$allocator@PAVD3DRenderWindow@Ogre@@@std@@QAE@XZ 10004620 f i OgreD3D9RenderSystem.obj
 0001:00003620       ??0_Container_base_aux@std@@QAE@XZ 10004620 f i OgreD3D9DriverEnum.obj
 0001:00003620       ??0ID3DXInclude@@QAE@XZ    10004620 f i OgreD3D9RenderSystem.obj
 0001:00003620       ??0?$allocator@U_D3DXMACRO@@@std@@QAE@XZ 10004620 f i OgreD3D9ShaderManager.obj
 0001:00003620       ??0?$allocator@UPassDesc@Ogre@@@std@@QAE@XZ 10004620 f i OgreD3D9ShaderManager.obj
 0001:00003620       ??0?$allocator@W4_D3DFORMAT@@@std@@QAE@XZ 10004620 f i OgreD3D9DriverEnum.obj
 0001:00003620       ??0?$allocator@U?$pair@$$CBTShaderEnvKey2@Ogre@@PAVD3DShaderTechnique@2@@std@@@std@@QAE@XZ 10004620 f i OgreD3DMaterialTemplate.obj
 0001:00003620       ??0?$allocator@UD3DSMSCONFLICT_T@Ogre@@@std@@QAE@XZ 10004620 f i OgreD3D9DriverEnum.obj
 0001:00003620       ??0?$allocator@UDSBuffer@D3D9HardwarePixelBufferManager@Ogre@@@std@@QAE@XZ 10004620 f i OgreD3D9HardwarePixelBuffer.obj
 0001:00003620       ??0?$allocator@UPassData@D3DShaderTechnique@Ogre@@@std@@QAE@XZ 10004620 f i OgreD3D9ShaderManager.obj
 0001:00003620       ??0?$allocator@PAUTechniqueDesc@Ogre@@@std@@QAE@XZ 10004620 f i OgreD3D9ShaderManager.obj
 0001:00003620       ??0?$allocator@URTBuffer@D3D9HardwarePixelBufferManager@Ogre@@@std@@QAE@XZ 10004620 f i OgreD3D9HardwarePixelBuffer.obj
 0001:00003620       ??0?$allocator@U?$pair@$$CBTShaderEnvKey@Ogre@@PAVD3DTech@2@@std@@@std@@QAE@XZ 10004620 f i OgreD3DMaterialTemplate.obj
 0001:00003620       ??0?$allocator@PAUTechCache@D3DMaterialTemplate@Ogre@@@std@@QAE@XZ 10004620 f i OgreD3DMaterialTemplate.obj
 0001:00003620       ??0?$allocator@W4VERTPROCESS_T@Ogre@@@std@@QAE@XZ 10004620 f i OgreD3D9DriverEnum.obj
 0001:00003620       ??0?$allocator@U?$pair@$$CBVFixedString@Ogre@@PAVCompiledShaderGroup@2@@std@@@std@@QAE@XZ 10004620 f i OgreD3DMaterialTemplate.obj
 0001:00003620       ??0?$allocator@U_D3DDISPLAYMODE@@@std@@QAE@XZ 10004620 f i OgreD3D9DriverEnum.obj
 0001:00003620       ??0?$allocator@TShaderEnvKey@Ogre@@@std@@QAE@XZ 10004620 f i OgreD3D9ShaderManager.obj
 0001:00003620       ??0?$allocator@PAUD3DADAPTER_T@Ogre@@@std@@QAE@XZ 10004620 f i OgreD3D9DriverEnum.obj
 0001:00003620       ??0?$allocator@W4_D3DMULTISAMPLE_TYPE@@@std@@QAE@XZ 10004620 f i OgreD3D9DriverEnum.obj
 0001:00003620       ??0?$allocator@PAUD3DDEVCOMBO_T@Ogre@@@std@@QAE@XZ 10004620 f i OgreD3D9DriverEnum.obj
 0001:00003620       ??0?$allocator@U?$pair@$$CBTShaderEnvKey@Ogre@@PAVCompiledShader@2@@std@@@std@@QAE@XZ 10004620 f i OgreD3D9ShaderManager.obj
 0001:00003630       ?capacity@?$vector@U_D3DDISPLAYMODE@@V?$allocator@U_D3DDISPLAYMODE@@@std@@@std@@QBEIXZ 10004630 f i OgreD3D9DriverEnum.obj
 0001:00003630       ?capacity@?$vector@TShaderEnvKey@Ogre@@V?$allocator@TShaderEnvKey@Ogre@@@std@@@std@@QBEIXZ 10004630 f i OgreD3D9ShaderManager.obj
 0001:00003670       ?insert@?$vector@U_D3DDISPLAYMODE@@V?$allocator@U_D3DDISPLAYMODE@@@std@@@std@@QAE?AV?$_Vector_iterator@U_D3DDISPLAYMODE@@V?$allocator@U_D3DDISPLAYMODE@@@std@@@2@V?$_Vector_const_iterator@U_D3DDISPLAYMODE@@V?$allocator@U_D3DDISPLAYMODE@@@std@@@2@ABU_D3DDISPLAYMODE@@@Z 10004670 f i OgreD3D9DriverEnum.obj
 0001:000036f0       ?_Buy@?$vector@TShaderEnvKey@Ogre@@V?$allocator@TShaderEnvKey@Ogre@@@std@@@std@@IAE_NI@Z 100046f0 f i OgreD3D9ShaderManager.obj
 0001:000036f0       ?_Buy@?$vector@U_D3DDISPLAYMODE@@V?$allocator@U_D3DDISPLAYMODE@@@std@@@std@@IAE_NI@Z 100046f0 f i OgreD3D9DriverEnum.obj
 0001:00003770       ?_Tidy@?$vector@TShaderEnvKey@Ogre@@V?$allocator@TShaderEnvKey@Ogre@@@std@@@std@@IAEXXZ 10004770 f i OgreD3D9ShaderManager.obj
 0001:00003770       ?_Tidy@?$vector@U_D3DDISPLAYMODE@@V?$allocator@U_D3DDISPLAYMODE@@@std@@@std@@IAEXXZ 10004770 f i OgreD3D9DriverEnum.obj
 0001:000037e0       ?_Tidy@?$vector@PAVCompiledShader@Ogre@@V?$allocator@PAVCompiledShader@Ogre@@@std@@@std@@IAEXXZ 100047e0 f i OgreD3D9ShaderManager.obj
 0001:000037e0       ?_Tidy@?$vector@IV?$allocator@I@std@@@std@@IAEXXZ 100047e0 f i OgreD3D9DriverEnum.obj
 0001:000037e0       ?_Tidy@?$vector@PAUD3DDEVICEINFO_T@Ogre@@V?$allocator@PAUD3DDEVICEINFO_T@Ogre@@@std@@@std@@IAEXXZ 100047e0 f i OgreD3D9DriverEnum.obj
 0001:000037e0       ?_Tidy@?$vector@PAVD3D9VertexDecl@Ogre@@V?$allocator@PAVD3D9VertexDecl@Ogre@@@std@@@std@@IAEXXZ 100047e0 f i OgreD3D9RenderSystem.obj
 0001:000037e0       ?_Tidy@?$vector@PAUTechCache@D3DMaterialTemplate@Ogre@@V?$allocator@PAUTechCache@D3DMaterialTemplate@Ogre@@@std@@@std@@IAEXXZ 100047e0 f i OgreD3DMaterialTemplate.obj
 0001:000037e0       ?_Tidy@?$vector@PAVD3DRenderWindow@Ogre@@V?$allocator@PAVD3DRenderWindow@Ogre@@@std@@@std@@IAEXXZ 100047e0 f i OgreD3D9RenderSystem.obj
 0001:000037e0       ?_Tidy@?$vector@PAUIDirect3DBaseTexture9@@V?$allocator@PAUIDirect3DBaseTexture9@@@std@@@std@@IAEXXZ 100047e0 f i OgreD3D9HardwarePixelBuffer.obj
 0001:000037e0       ?_Tidy@?$vector@PAUD3DDEVCOMBO_T@Ogre@@V?$allocator@PAUD3DDEVCOMBO_T@Ogre@@@std@@@std@@IAEXXZ 100047e0 f i OgreD3D9DriverEnum.obj
 0001:000037e0       ?_Tidy@?$vector@PAUD3DADAPTER_T@Ogre@@V?$allocator@PAUD3DADAPTER_T@Ogre@@@std@@@std@@IAEXXZ 100047e0 f i OgreD3D9DriverEnum.obj
 0001:000037e0       ?_Tidy@?$vector@PAVD3D9TextureRenderTarget@Ogre@@V?$allocator@PAVD3D9TextureRenderTarget@Ogre@@@std@@@std@@IAEXXZ 100047e0 f i OgreD3D9HardwarePixelBuffer.obj
 0001:000037e0       ?_Tidy@?$vector@PAUTechniqueDesc@Ogre@@V?$allocator@PAUTechniqueDesc@Ogre@@@std@@@std@@IAEXXZ 100047e0 f i OgreD3D9ShaderManager.obj
 0001:00003850       ?_Destroy@?$vector@W4VERTPROCESS_T@Ogre@@V?$allocator@W4VERTPROCESS_T@Ogre@@@std@@@std@@IAEXPAW4VERTPROCESS_T@Ogre@@0@Z 10004850 f i OgreD3D9DriverEnum.obj
 0001:00003850       ?_Destroy@?$vector@W4_D3DFORMAT@@V?$allocator@W4_D3DFORMAT@@@std@@@std@@IAEXPAW4_D3DFORMAT@@0@Z 10004850 f i OgreD3D9DriverEnum.obj
 0001:00003850       ?_Destroy@?$vector@W4_D3DMULTISAMPLE_TYPE@@V?$allocator@W4_D3DMULTISAMPLE_TYPE@@@std@@@std@@IAEXPAW4_D3DMULTISAMPLE_TYPE@@0@Z 10004850 f i OgreD3D9DriverEnum.obj
 0001:00003880       ?_Insert_n@?$vector@W4_D3DMULTISAMPLE_TYPE@@V?$allocator@W4_D3DMULTISAMPLE_TYPE@@@std@@@std@@IAEXV?$_Vector_const_iterator@W4_D3DMULTISAMPLE_TYPE@@V?$allocator@W4_D3DMULTISAMPLE_TYPE@@@std@@@2@IABW4_D3DMULTISAMPLE_TYPE@@@Z 10004880 f i OgreD3D9DriverEnum.obj
 0001:00003880       ?_Insert_n@?$vector@W4VERTPROCESS_T@Ogre@@V?$allocator@W4VERTPROCESS_T@Ogre@@@std@@@std@@IAEXV?$_Vector_const_iterator@W4VERTPROCESS_T@Ogre@@V?$allocator@W4VERTPROCESS_T@Ogre@@@std@@@2@IABW4VERTPROCESS_T@Ogre@@@Z 10004880 f i OgreD3D9DriverEnum.obj
 0001:00003880       ?_Insert_n@?$vector@W4_D3DFORMAT@@V?$allocator@W4_D3DFORMAT@@@std@@@std@@IAEXV?$_Vector_const_iterator@W4_D3DFORMAT@@V?$allocator@W4_D3DFORMAT@@@std@@@2@IABW4_D3DFORMAT@@@Z 10004880 f i OgreD3D9DriverEnum.obj
 0001:00003c30       ??0length_error@std@@QAE@ABV?$basic_string@DU?$char_traits@D@std@@V?$allocator@D@2@@1@@Z 10004c30 f i OgreD3D9DriverEnum.obj
 0001:00003c90       ??0logic_error@std@@QAE@ABV?$basic_string@DU?$char_traits@D@std@@V?$allocator@D@2@@1@@Z 10004c90 f i OgreD3D9DriverEnum.obj
 0001:00003d00       ??1logic_error@std@@UAE@XZ 10004d00 f i OgreD3D9DriverEnum.obj
 0001:00003d70       ?what@logic_error@std@@UBEPBDXZ 10004d70 f i OgreD3D9DriverEnum.obj
 0001:00003d90       ??_Glogic_error@std@@UAEPAXI@Z 10004d90 f i OgreD3D9DriverEnum.obj
 0001:00003d90       ??_Elogic_error@std@@UAEPAXI@Z 10004d90 f i OgreD3D9DriverEnum.obj
 0001:00003dc0       ??1length_error@std@@UAE@XZ 10004dc0 f i OgreD3D9DriverEnum.obj
 0001:00003e20       ??_Elength_error@std@@UAEPAXI@Z 10004e20 f i OgreD3D9DriverEnum.obj
 0001:00003e20       ??_Glength_error@std@@UAEPAXI@Z 10004e20 f i OgreD3D9DriverEnum.obj
 0001:00003e50       ??0logic_error@std@@QAE@ABV01@@Z 10004e50 f i OgreD3D9DriverEnum.obj
 0001:00003ed0       ??2@YAPAXIPAX@Z            10004ed0 f i OgreD3D9DriverEnum.obj
 0001:00003ee0       ??0_Aux_cont@std@@QAE@QBV_Container_base_aux@1@@Z 10004ee0 f i OgreD3D9DriverEnum.obj
 0001:00003f00       ?max_size@?$vector@U_D3DXMACRO@@V?$allocator@U_D3DXMACRO@@@std@@@std@@QBEIXZ 10004f00 f i OgreD3D9ShaderManager.obj
 0001:00003f00       ?max_size@?$vector@UD3DSMSCONFLICT_T@Ogre@@V?$allocator@UD3DSMSCONFLICT_T@Ogre@@@std@@@std@@QBEIXZ 10004f00 f i OgreD3D9DriverEnum.obj
 0001:00003f20       ?_Insert_n@?$vector@U_D3DXMACRO@@V?$allocator@U_D3DXMACRO@@@std@@@std@@IAEXV?$_Vector_const_iterator@U_D3DXMACRO@@V?$allocator@U_D3DXMACRO@@@std@@@2@IABU_D3DXMACRO@@@Z 10004f20 f i OgreD3D9ShaderManager.obj
 0001:00003f20       ?_Insert_n@?$vector@UD3DSMSCONFLICT_T@Ogre@@V?$allocator@UD3DSMSCONFLICT_T@Ogre@@@std@@@std@@IAEXV?$_Vector_const_iterator@UD3DSMSCONFLICT_T@Ogre@@V?$allocator@UD3DSMSCONFLICT_T@Ogre@@@std@@@2@IABUD3DSMSCONFLICT_T@Ogre@@@Z 10004f20 f i OgreD3D9DriverEnum.obj
 0001:000042d0       ?deallocate@?$allocator@U_D3DDISPLAYMODE@@@std@@QAEXPAU_D3DDISPLAYMODE@@I@Z 100052d0 f i OgreD3D9DriverEnum.obj
 0001:000042d0       ?deallocate@?$allocator@U_Node@?$_Tree_nod@V?$_Tmap_traits@TShaderEnvKey2@Ogre@@PAVD3DShaderTechnique@2@U?$less@TShaderEnvKey2@Ogre@@@std@@V?$allocator@U?$pair@$$CBTShaderEnvKey2@Ogre@@PAVD3DShaderTechnique@2@@std@@@5@$0A@@std@@@std@@@std@@QAEXPAU_Node@?$_Tree_nod@V?$_Tmap_traits@TShaderEnvKey2@Ogre@@PAVD3DShaderTechnique@2@U?$less@TShaderEnvKey2@Ogre@@@std@@V?$allocator@U?$pair@$$CBTShaderEnvKey2@Ogre@@PAVD3DShaderTechnique@2@@std@@@5@$0A@@std@@@2@I@Z 100052d0 f i OgreD3DMaterialTemplate.obj
 0001:000042d0       ?deallocate@?$allocator@W4_D3DMULTISAMPLE_TYPE@@@std@@QAEXPAW4_D3DMULTISAMPLE_TYPE@@I@Z 100052d0 f i OgreD3D9DriverEnum.obj
 0001:000042d0       ?deallocate@?$allocator@UPassDesc@Ogre@@@std@@QAEXPAUPassDesc@Ogre@@I@Z 100052d0 f i OgreD3D9ShaderManager.obj
 0001:000042d0       ?deallocate@?$allocator@U_Node@?$_Tree_nod@V?$_Tmap_traits@VFixedString@Ogre@@PAVCompiledShaderGroup@2@U?$less@VFixedString@Ogre@@@std@@V?$allocator@U?$pair@$$CBVFixedString@Ogre@@PAVCompiledShaderGroup@2@@std@@@5@$0A@@std@@@std@@@std@@QAEXPAU_Node@?$_Tree_nod@V?$_Tmap_traits@VFixedString@Ogre@@PAVCompiledShaderGroup@2@U?$less@VFixedString@Ogre@@@std@@V?$allocator@U?$pair@$$CBVFixedString@Ogre@@PAVCompiledShaderGroup@2@@std@@@5@$0A@@std@@@2@I@Z 100052d0 f i OgreD3DMaterialTemplate.obj
 0001:000042d0       ?deallocate@?$allocator@UD3DSMSCONFLICT_T@Ogre@@@std@@QAEXPAUD3DSMSCONFLICT_T@Ogre@@I@Z 100052d0 f i OgreD3D9DriverEnum.obj
 0001:000042d0       ?deallocate@?$allocator@PAVD3DRenderWindow@Ogre@@@std@@QAEXPAPAVD3DRenderWindow@Ogre@@I@Z 100052d0 f i OgreD3D9RenderSystem.obj
 0001:000042d0       ?deallocate@?$allocator@UDSBuffer@D3D9HardwarePixelBufferManager@Ogre@@@std@@QAEXPAUDSBuffer@D3D9HardwarePixelBufferManager@Ogre@@I@Z 100052d0 f i OgreD3D9HardwarePixelBuffer.obj
 0001:000042d0       ?deallocate@?$allocator@PAUTechCache@D3DMaterialTemplate@Ogre@@@std@@QAEXPAPAUTechCache@D3DMaterialTemplate@Ogre@@I@Z 100052d0 f i OgreD3DMaterialTemplate.obj
 0001:000042d0       ?deallocate@?$allocator@U_Node@?$_Tree_nod@V?$_Tmap_traits@TShaderEnvKey@Ogre@@PAVD3DTech@2@U?$less@TShaderEnvKey@Ogre@@@std@@V?$allocator@U?$pair@$$CBTShaderEnvKey@Ogre@@PAVD3DTech@2@@std@@@5@$0A@@std@@@std@@@std@@QAEXPAU_Node@?$_Tree_nod@V?$_Tmap_traits@TShaderEnvKey@Ogre@@PAVD3DTech@2@U?$less@TShaderEnvKey@Ogre@@@std@@V?$allocator@U?$pair@$$CBTShaderEnvKey@Ogre@@PAVD3DTech@2@@std@@@5@$0A@@std@@@2@I@Z 100052d0 f i OgreD3DMaterialTemplate.obj
 0001:000042d0       ?deallocate@?$allocator@PAUIDirect3DBaseTexture9@@@std@@QAEXPAPAUIDirect3DBaseTexture9@@I@Z 100052d0 f i OgreD3D9HardwarePixelBuffer.obj
 0001:000042d0       ?deallocate@?$allocator@UPassData@D3DShaderTechnique@Ogre@@@std@@QAEXPAUPassData@D3DShaderTechnique@Ogre@@I@Z 100052d0 f i OgreD3D9ShaderManager.obj
 0001:000042d0       ?deallocate@?$allocator@PAVD3D9TextureRenderTarget@Ogre@@@std@@QAEXPAPAVD3D9TextureRenderTarget@Ogre@@I@Z 100052d0 f i OgreD3D9HardwarePixelBuffer.obj
 0001:000042d0       ?deallocate@?$allocator@PAVD3D9VertexDecl@Ogre@@@std@@QAEXPAPAVD3D9VertexDecl@Ogre@@I@Z 100052d0 f i OgreD3D9RenderSystem.obj
 0001:000042d0       ?deallocate@?$allocator@URTBuffer@D3D9HardwarePixelBufferManager@Ogre@@@std@@QAEXPAURTBuffer@D3D9HardwarePixelBufferManager@Ogre@@I@Z 100052d0 f i OgreD3D9HardwarePixelBuffer.obj
 0001:000042d0       ?deallocate@?$allocator@PAUD3DDEVICEINFO_T@Ogre@@@std@@QAEXPAPAUD3DDEVICEINFO_T@Ogre@@I@Z 100052d0 f i OgreD3D9DriverEnum.obj
 0001:000042d0       ?deallocate@?$allocator@PAVCompiledShader@Ogre@@@std@@QAEXPAPAVCompiledShader@Ogre@@I@Z 100052d0 f i OgreD3D9ShaderManager.obj
 0001:000042d0       ?deallocate@?$allocator@PAUD3DDEVCOMBO_T@Ogre@@@std@@QAEXPAPAUD3DDEVCOMBO_T@Ogre@@I@Z 100052d0 f i OgreD3D9DriverEnum.obj
 0001:000042d0       ?deallocate@?$allocator@I@std@@QAEXPAII@Z 100052d0 f i OgreD3D9DriverEnum.obj
 0001:000042d0       ?deallocate@?$allocator@TShaderEnvKey@Ogre@@@std@@QAEXPATShaderEnvKey@Ogre@@I@Z 100052d0 f i OgreD3D9ShaderManager.obj
 0001:000042d0       ?deallocate@?$allocator@U_D3DXMACRO@@@std@@QAEXPAU_D3DXMACRO@@I@Z 100052d0 f i OgreD3D9ShaderManager.obj
 0001:000042d0       ?deallocate@?$allocator@PAUTechniqueDesc@Ogre@@@std@@QAEXPAPAUTechniqueDesc@Ogre@@I@Z 100052d0 f i OgreD3D9ShaderManager.obj
 0001:000042d0       ?deallocate@?$allocator@PAUD3DADAPTER_T@Ogre@@@std@@QAEXPAPAUD3DADAPTER_T@Ogre@@I@Z 100052d0 f i OgreD3D9DriverEnum.obj
 0001:000042d0       ?deallocate@?$allocator@W4_D3DFORMAT@@@std@@QAEXPAW4_D3DFORMAT@@I@Z 100052d0 f i OgreD3D9DriverEnum.obj
 0001:000042d0       ?deallocate@?$allocator@U_Node@?$_Tree_nod@V?$_Tmap_traits@TShaderEnvKey@Ogre@@PAVCompiledShader@2@U?$less@TShaderEnvKey@Ogre@@@std@@V?$allocator@U?$pair@$$CBTShaderEnvKey@Ogre@@PAVCompiledShader@2@@std@@@5@$0A@@std@@@std@@@std@@QAEXPAU_Node@?$_Tree_nod@V?$_Tmap_traits@TShaderEnvKey@Ogre@@PAVCompiledShader@2@U?$less@TShaderEnvKey@Ogre@@@std@@V?$allocator@U?$pair@$$CBTShaderEnvKey@Ogre@@PAVCompiledShader@2@@std@@@5@$0A@@std@@@2@I@Z 100052d0 f i OgreD3D9ShaderManager.obj
 0001:000042d0       ?deallocate@?$allocator@UShaderEnv@Ogre@@@std@@QAEXPAUShaderEnv@Ogre@@I@Z 100052d0 f i OgreD3DMaterialTemplate.obj
 0001:000042d0       ?deallocate@?$allocator@W4VERTPROCESS_T@Ogre@@@std@@QAEXPAW4VERTPROCESS_T@Ogre@@I@Z 100052d0 f i OgreD3D9DriverEnum.obj
 0001:000042d0       ?deallocate@?$allocator@V_Aux_cont@std@@@std@@QAEXPAV_Aux_cont@2@I@Z 100052d0 f i OgreD3D9DriverEnum.obj
 0001:000042f0       ?_Insert_n@?$vector@U_D3DDISPLAYMODE@@V?$allocator@U_D3DDISPLAYMODE@@@std@@@std@@IAEXV?$_Vector_const_iterator@U_D3DDISPLAYMODE@@V?$allocator@U_D3DDISPLAYMODE@@@std@@@2@IABU_D3DDISPLAYMODE@@@Z 100052f0 f i OgreD3D9DriverEnum.obj
 0001:000046c0       ?allocate@?$allocator@TShaderEnvKey@Ogre@@@std@@QAEPATShaderEnvKey@Ogre@@I@Z 100056c0 f i OgreD3D9ShaderManager.obj
 0001:000046c0       ?allocate@?$allocator@U_D3DDISPLAYMODE@@@std@@QAEPAU_D3DDISPLAYMODE@@I@Z 100056c0 f i OgreD3D9DriverEnum.obj
 0001:000046e0       ?allocate@?$allocator@W4_D3DFORMAT@@@std@@QAEPAW4_D3DFORMAT@@I@Z 100056e0 f i OgreD3D9DriverEnum.obj
 0001:000046e0       ?allocate@?$allocator@I@std@@QAEPAII@Z 100056e0 f i OgreD3D9DriverEnum.obj
 0001:000046e0       ?allocate@?$allocator@PAVD3D9TextureRenderTarget@Ogre@@@std@@QAEPAPAVD3D9TextureRenderTarget@Ogre@@I@Z 100056e0 f i OgreD3D9HardwarePixelBuffer.obj
 0001:000046e0       ?allocate@?$allocator@PAUD3DADAPTER_T@Ogre@@@std@@QAEPAPAUD3DADAPTER_T@Ogre@@I@Z 100056e0 f i OgreD3D9DriverEnum.obj
 0001:000046e0       ?allocate@?$allocator@V_Aux_cont@std@@@std@@QAEPAV_Aux_cont@2@I@Z 100056e0 f i OgreD3D9DriverEnum.obj
 0001:000046e0       ?allocate@?$allocator@PAUTechCache@D3DMaterialTemplate@Ogre@@@std@@QAEPAPAUTechCache@D3DMaterialTemplate@Ogre@@I@Z 100056e0 f i OgreD3DMaterialTemplate.obj
 0001:000046e0       ?allocate@?$allocator@PAUTechniqueDesc@Ogre@@@std@@QAEPAPAUTechniqueDesc@Ogre@@I@Z 100056e0 f i OgreD3D9ShaderManager.obj
 0001:000046e0       ?allocate@?$allocator@PAVD3D9VertexDecl@Ogre@@@std@@QAEPAPAVD3D9VertexDecl@Ogre@@I@Z 100056e0 f i OgreD3D9RenderSystem.obj
 0001:000046e0       ?allocate@?$allocator@PAVCompiledShader@Ogre@@@std@@QAEPAPAVCompiledShader@Ogre@@I@Z 100056e0 f i OgreD3D9ShaderManager.obj
 0001:000046e0       ?allocate@?$allocator@W4VERTPROCESS_T@Ogre@@@std@@QAEPAW4VERTPROCESS_T@Ogre@@I@Z 100056e0 f i OgreD3D9DriverEnum.obj
 0001:000046e0       ?allocate@?$allocator@PAUD3DDEVICEINFO_T@Ogre@@@std@@QAEPAPAUD3DDEVICEINFO_T@Ogre@@I@Z 100056e0 f i OgreD3D9DriverEnum.obj
 0001:000046e0       ?allocate@?$allocator@PAUD3DDEVCOMBO_T@Ogre@@@std@@QAEPAPAUD3DDEVCOMBO_T@Ogre@@I@Z 100056e0 f i OgreD3D9DriverEnum.obj
 0001:000046e0       ?allocate@?$allocator@PAUIDirect3DBaseTexture9@@@std@@QAEPAPAUIDirect3DBaseTexture9@@I@Z 100056e0 f i OgreD3D9HardwarePixelBuffer.obj
 0001:000046e0       ?allocate@?$allocator@PAVD3DRenderWindow@Ogre@@@std@@QAEPAPAVD3DRenderWindow@Ogre@@I@Z 100056e0 f i OgreD3D9RenderSystem.obj
 0001:000046e0       ?allocate@?$allocator@W4_D3DMULTISAMPLE_TYPE@@@std@@QAEPAW4_D3DMULTISAMPLE_TYPE@@I@Z 100056e0 f i OgreD3D9DriverEnum.obj
 0001:00004700       ?_Same_container@_Iterator_base_aux@std@@QBE_NABV12@@Z 10005700 f i OgreD3D9DriverEnum.obj
 0001:00004720       ?_Has_container@_Iterator_base_aux@std@@QBE_NXZ 10005720 f i OgreD3D9DriverEnum.obj
 0001:00004740       ??0?$_Vector_iterator@W4_D3DMULTISAMPLE_TYPE@@V?$allocator@W4_D3DMULTISAMPLE_TYPE@@@std@@@std@@QAE@PAW4_D3DMULTISAMPLE_TYPE@@PBV_Container_base_aux@1@@Z 10005740 f i OgreD3D9DriverEnum.obj
 0001:00004740       ??0?$_Vector_iterator@U_D3DDISPLAYMODE@@V?$allocator@U_D3DDISPLAYMODE@@@std@@@std@@QAE@PAU_D3DDISPLAYMODE@@PBV_Container_base_aux@1@@Z 10005740 f i OgreD3D9DriverEnum.obj
 0001:00004740       ??0?$_Vector_iterator@PAVHardwarePixelBuffer@Ogre@@V?$allocator@PAVHardwarePixelBuffer@Ogre@@@std@@@std@@QAE@PAPAVHardwarePixelBuffer@Ogre@@PBV_Container_base_aux@1@@Z 10005740 f i OgreD3D9HardwarePixelBuffer.obj
 0001:00004740       ??0?$_Vector_iterator@PAUTechniqueDesc@Ogre@@V?$allocator@PAUTechniqueDesc@Ogre@@@std@@@std@@QAE@PAPAUTechniqueDesc@Ogre@@PBV_Container_base_aux@1@@Z 10005740 f i OgreD3D9ShaderManager.obj
 0001:00004740       ??0?$_Vector_iterator@PAUD3DDEVICEINFO_T@Ogre@@V?$allocator@PAUD3DDEVICEINFO_T@Ogre@@@std@@@std@@QAE@PAPAUD3DDEVICEINFO_T@Ogre@@PBV_Container_base_aux@1@@Z 10005740 f i OgreD3D9DriverEnum.obj
 0001:00004740       ??0?$_Vector_iterator@TShaderEnvKey@Ogre@@V?$allocator@TShaderEnvKey@Ogre@@@std@@@std@@QAE@PATShaderEnvKey@Ogre@@PBV_Container_base_aux@1@@Z 10005740 f i OgreD3D9ShaderManager.obj
 0001:00004740       ??0?$_Vector_iterator@PAVD3D9VertexDecl@Ogre@@V?$allocator@PAVD3D9VertexDecl@Ogre@@@std@@@std@@QAE@PAPAVD3D9VertexDecl@Ogre@@PBV_Container_base_aux@1@@Z 10005740 f i OgreD3D9RenderSystem.obj
 0001:00004740       ??0?$_Vector_iterator@W4VERTPROCESS_T@Ogre@@V?$allocator@W4VERTPROCESS_T@Ogre@@@std@@@std@@QAE@PAW4VERTPROCESS_T@Ogre@@PBV_Container_base_aux@1@@Z 10005740 f i OgreD3D9DriverEnum.obj
 0001:00004740       ??0?$_Vector_iterator@UPassDesc@Ogre@@V?$allocator@UPassDesc@Ogre@@@std@@@std@@QAE@PAUPassDesc@Ogre@@PBV_Container_base_aux@1@@Z 10005740 f i OgreD3D9ShaderManager.obj
 0001:00004740       ??0?$_Vector_iterator@URTBuffer@D3D9HardwarePixelBufferManager@Ogre@@V?$allocator@URTBuffer@D3D9HardwarePixelBufferManager@Ogre@@@std@@@std@@QAE@PAURTBuffer@D3D9HardwarePixelBufferManager@Ogre@@PBV_Container_base_aux@1@@Z 10005740 f i OgreD3D9HardwarePixelBuffer.obj
 0001:00004740       ??0?$_Vector_iterator@PAVCompiledShader@Ogre@@V?$allocator@PAVCompiledShader@Ogre@@@std@@@std@@QAE@PAPAVCompiledShader@Ogre@@PBV_Container_base_aux@1@@Z 10005740 f i OgreD3D9ShaderManager.obj
 0001:00004740       ??0?$_Vector_iterator@PAVD3D9TextureRenderTarget@Ogre@@V?$allocator@PAVD3D9TextureRenderTarget@Ogre@@@std@@@std@@QAE@PAPAVD3D9TextureRenderTarget@Ogre@@PBV_Container_base_aux@1@@Z 10005740 f i OgreD3D9HardwarePixelBuffer.obj
 0001:00004740       ??0?$_Vector_iterator@PAUD3DDEVCOMBO_T@Ogre@@V?$allocator@PAUD3DDEVCOMBO_T@Ogre@@@std@@@std@@QAE@PAPAUD3DDEVCOMBO_T@Ogre@@PBV_Container_base_aux@1@@Z 10005740 f i OgreD3D9DriverEnum.obj
 0001:00004740       ??0?$_Vector_iterator@PAVD3DRenderWindow@Ogre@@V?$allocator@PAVD3DRenderWindow@Ogre@@@std@@@std@@QAE@PAPAVD3DRenderWindow@Ogre@@PBV_Container_base_aux@1@@Z 10005740 f i OgreD3D9RenderSystem.obj
 0001:00004740       ??0?$_Vector_iterator@UDSBuffer@D3D9HardwarePixelBufferManager@Ogre@@V?$allocator@UDSBuffer@D3D9HardwarePixelBufferManager@Ogre@@@std@@@std@@QAE@PAUDSBuffer@D3D9HardwarePixelBufferManager@Ogre@@PBV_Container_base_aux@1@@Z 10005740 f i OgreD3D9HardwarePixelBuffer.obj
 0001:00004740       ??0?$_Vector_iterator@UShaderEnv@Ogre@@V?$allocator@UShaderEnv@Ogre@@@std@@@std@@QAE@PAUShaderEnv@Ogre@@PBV_Container_base_aux@1@@Z 10005740 f i OgreD3DMaterialTemplate.obj
 0001:00004740       ??0?$_Vector_iterator@UD3DSMSCONFLICT_T@Ogre@@V?$allocator@UD3DSMSCONFLICT_T@Ogre@@@std@@@std@@QAE@PAUD3DSMSCONFLICT_T@Ogre@@PBV_Container_base_aux@1@@Z 10005740 f i OgreD3D9DriverEnum.obj
 0001:00004740       ??0?$_Vector_iterator@PAUD3DADAPTER_T@Ogre@@V?$allocator@PAUD3DADAPTER_T@Ogre@@@std@@@std@@QAE@PAPAUD3DADAPTER_T@Ogre@@PBV_Container_base_aux@1@@Z 10005740 f i OgreD3D9DriverEnum.obj
 0001:00004740       ??0?$_Vector_iterator@W4_D3DFORMAT@@V?$allocator@W4_D3DFORMAT@@@std@@@std@@QAE@PAW4_D3DFORMAT@@PBV_Container_base_aux@1@@Z 10005740 f i OgreD3D9DriverEnum.obj
 0001:00004740       ??0?$_Vector_iterator@UPassData@D3DShaderTechnique@Ogre@@V?$allocator@UPassData@D3DShaderTechnique@Ogre@@@std@@@std@@QAE@PAUPassData@D3DShaderTechnique@Ogre@@PBV_Container_base_aux@1@@Z 10005740 f i OgreD3D9ShaderManager.obj
 0001:00004740       ??0?$_Vector_iterator@PAUTechCache@D3DMaterialTemplate@Ogre@@V?$allocator@PAUTechCache@D3DMaterialTemplate@Ogre@@@std@@@std@@QAE@PAPAUTechCache@D3DMaterialTemplate@Ogre@@PBV_Container_base_aux@1@@Z 10005740 f i OgreD3DMaterialTemplate.obj
 0001:00004740       ??0?$_Vector_iterator@DV?$allocator@D@std@@@std@@QAE@PADPBV_Container_base_aux@1@@Z 10005740 f i OgreD3D9ShaderManager.obj
 0001:00004740       ??0?$_Vector_iterator@IV?$allocator@I@std@@@std@@QAE@PAIPBV_Container_base_aux@1@@Z 10005740 f i OgreD3D9DriverEnum.obj
 0001:00004740       ??0?$_Vector_iterator@U_D3DXMACRO@@V?$allocator@U_D3DXMACRO@@@std@@@std@@QAE@PAU_D3DXMACRO@@PBV_Container_base_aux@1@@Z 10005740 f i OgreD3D9ShaderManager.obj
 0001:00004760       ??H?$_Vector_iterator@U_D3DDISPLAYMODE@@V?$allocator@U_D3DDISPLAYMODE@@@std@@@std@@QBE?AV01@H@Z 10005760 f i OgreD3D9DriverEnum.obj
 0001:00004760       ??H?$_Vector_iterator@TShaderEnvKey@Ogre@@V?$allocator@TShaderEnvKey@Ogre@@@std@@@std@@QBE?AV01@H@Z 10005760 f i OgreD3D9ShaderManager.obj
 0001:000047a0       ??H?$_Vector_iterator@PAVD3DRenderWindow@Ogre@@V?$allocator@PAVD3DRenderWindow@Ogre@@@std@@@std@@QBE?AV01@H@Z 100057a0 f i OgreD3D9RenderSystem.obj
 0001:000047a0       ??H?$_Vector_iterator@PAUTechniqueDesc@Ogre@@V?$allocator@PAUTechniqueDesc@Ogre@@@std@@@std@@QBE?AV01@H@Z 100057a0 f i OgreD3D9ShaderManager.obj
 0001:000047a0       ??H?$_Vector_iterator@W4VERTPROCESS_T@Ogre@@V?$allocator@W4VERTPROCESS_T@Ogre@@@std@@@std@@QBE?AV01@H@Z 100057a0 f i OgreD3D9DriverEnum.obj
 0001:000047a0       ??H?$_Vector_iterator@PAUD3DADAPTER_T@Ogre@@V?$allocator@PAUD3DADAPTER_T@Ogre@@@std@@@std@@QBE?AV01@H@Z 100057a0 f i OgreD3D9DriverEnum.obj
 0001:000047a0       ??H?$_Vector_iterator@PAUD3DDEVICEINFO_T@Ogre@@V?$allocator@PAUD3DDEVICEINFO_T@Ogre@@@std@@@std@@QBE?AV01@H@Z 100057a0 f i OgreD3D9DriverEnum.obj
 0001:000047a0       ??H?$_Vector_iterator@W4_D3DMULTISAMPLE_TYPE@@V?$allocator@W4_D3DMULTISAMPLE_TYPE@@@std@@@std@@QBE?AV01@H@Z 100057a0 f i OgreD3D9DriverEnum.obj
 0001:000047a0       ??H?$_Vector_iterator@PAVCompiledShader@Ogre@@V?$allocator@PAVCompiledShader@Ogre@@@std@@@std@@QBE?AV01@H@Z 100057a0 f i OgreD3D9ShaderManager.obj
 0001:000047a0       ??H?$_Vector_iterator@PAVD3D9VertexDecl@Ogre@@V?$allocator@PAVD3D9VertexDecl@Ogre@@@std@@@std@@QBE?AV01@H@Z 100057a0 f i OgreD3D9RenderSystem.obj
 0001:000047a0       ??H?$_Vector_iterator@PAUTechCache@D3DMaterialTemplate@Ogre@@V?$allocator@PAUTechCache@D3DMaterialTemplate@Ogre@@@std@@@std@@QBE?AV01@H@Z 100057a0 f i OgreD3DMaterialTemplate.obj
 0001:000047a0       ??H?$_Vector_iterator@IV?$allocator@I@std@@@std@@QBE?AV01@H@Z 100057a0 f i OgreD3D9DriverEnum.obj
 0001:000047a0       ??H?$_Vector_iterator@W4_D3DFORMAT@@V?$allocator@W4_D3DFORMAT@@@std@@@std@@QBE?AV01@H@Z 100057a0 f i OgreD3D9DriverEnum.obj
 0001:000047a0       ??H?$_Vector_iterator@PAUD3DDEVCOMBO_T@Ogre@@V?$allocator@PAUD3DDEVCOMBO_T@Ogre@@@std@@@std@@QBE?AV01@H@Z 100057a0 f i OgreD3D9DriverEnum.obj
 0001:000047a0       ??H?$_Vector_iterator@PAVD3D9TextureRenderTarget@Ogre@@V?$allocator@PAVD3D9TextureRenderTarget@Ogre@@@std@@@std@@QBE?AV01@H@Z 100057a0 f i OgreD3D9HardwarePixelBuffer.obj
 0001:000047e0       ??0length_error@std@@QAE@ABV01@@Z 100057e0 f i OgreD3D9DriverEnum.obj
 0001:00004840       ?max_size@?$allocator@U_D3DDISPLAYMODE@@@std@@QBEIXZ 10005840 f i OgreD3D9DriverEnum.obj
 0001:00004840       ?max_size@?$allocator@TShaderEnvKey@Ogre@@@std@@QBEIXZ 10005840 f i OgreD3D9ShaderManager.obj
 0001:00004870       ?max_size@?$allocator@W4_D3DMULTISAMPLE_TYPE@@@std@@QBEIXZ 10005870 f i OgreD3D9DriverEnum.obj
 0001:00004870       ?max_size@?$allocator@W4_D3DFORMAT@@@std@@QBEIXZ 10005870 f i OgreD3D9DriverEnum.obj
 0001:00004870       ?max_size@?$allocator@PAUD3DDEVICEINFO_T@Ogre@@@std@@QBEIXZ 10005870 f i OgreD3D9DriverEnum.obj
 0001:00004870       ?max_size@?$allocator@PAUTechniqueDesc@Ogre@@@std@@QBEIXZ 10005870 f i OgreD3D9ShaderManager.obj
 0001:00004870       ?max_size@?$allocator@PAVCompiledShader@Ogre@@@std@@QBEIXZ 10005870 f i OgreD3D9ShaderManager.obj
 0001:00004870       ?max_size@?$allocator@PAVD3DRenderWindow@Ogre@@@std@@QBEIXZ 10005870 f i OgreD3D9RenderSystem.obj
 0001:00004870       ?max_size@?$allocator@I@std@@QBEIXZ 10005870 f i OgreD3D9DriverEnum.obj
 0001:00004870       ?max_size@?$allocator@PAVD3D9VertexDecl@Ogre@@@std@@QBEIXZ 10005870 f i OgreD3D9RenderSystem.obj
 0001:00004870       ?max_size@?$allocator@PAUIDirect3DBaseTexture9@@@std@@QBEIXZ 10005870 f i OgreD3D9HardwarePixelBuffer.obj
 0001:00004870       ?max_size@?$allocator@PAUD3DADAPTER_T@Ogre@@@std@@QBEIXZ 10005870 f i OgreD3D9DriverEnum.obj
 0001:00004870       ?max_size@?$allocator@W4VERTPROCESS_T@Ogre@@@std@@QBEIXZ 10005870 f i OgreD3D9DriverEnum.obj
 0001:00004870       ?max_size@?$allocator@PAUD3DDEVCOMBO_T@Ogre@@@std@@QBEIXZ 10005870 f i OgreD3D9DriverEnum.obj
 0001:00004870       ?max_size@?$allocator@PAVD3D9TextureRenderTarget@Ogre@@@std@@QBEIXZ 10005870 f i OgreD3D9HardwarePixelBuffer.obj
 0001:00004870       ?max_size@?$allocator@PAUTechCache@D3DMaterialTemplate@Ogre@@@std@@QBEIXZ 10005870 f i OgreD3DMaterialTemplate.obj
 0001:000048a0       ?_Set_container@_Iterator_base_aux@std@@QAEXQBV_Container_base_aux@2@@Z 100058a0 f i OgreD3D9DriverEnum.obj
 0001:000048c0       ??Y?$_Vector_iterator@U_D3DXMACRO@@V?$allocator@U_D3DXMACRO@@@std@@@std@@QAEAAV01@H@Z 100058c0 f i OgreD3D9ShaderManager.obj
 0001:000048c0       ??Y?$_Vector_iterator@UD3DSMSCONFLICT_T@Ogre@@V?$allocator@UD3DSMSCONFLICT_T@Ogre@@@std@@@std@@QAEAAV01@H@Z 100058c0 f i OgreD3D9DriverEnum.obj
 0001:000048e0       ??0?$_Vector_const_iterator@W4_D3DFORMAT@@V?$allocator@W4_D3DFORMAT@@@std@@@std@@QAE@PAW4_D3DFORMAT@@PBV_Container_base_aux@1@@Z 100058e0 f i OgreD3D9DriverEnum.obj
 0001:000048e0       ??0?$_Vector_const_iterator@PAVD3D9TextureRenderTarget@Ogre@@V?$allocator@PAVD3D9TextureRenderTarget@Ogre@@@std@@@std@@QAE@PAPAVD3D9TextureRenderTarget@Ogre@@PBV_Container_base_aux@1@@Z 100058e0 f i OgreD3D9HardwarePixelBuffer.obj
 0001:000048e0       ??0?$_Vector_const_iterator@URTBuffer@D3D9HardwarePixelBufferManager@Ogre@@V?$allocator@URTBuffer@D3D9HardwarePixelBufferManager@Ogre@@@std@@@std@@QAE@PAURTBuffer@D3D9HardwarePixelBufferManager@Ogre@@PBV_Container_base_aux@1@@Z 100058e0 f i OgreD3D9HardwarePixelBuffer.obj
 0001:000048e0       ??0?$_Vector_const_iterator@PAVD3D9VertexDecl@Ogre@@V?$allocator@PAVD3D9VertexDecl@Ogre@@@std@@@std@@QAE@PAPAVD3D9VertexDecl@Ogre@@PBV_Container_base_aux@1@@Z 100058e0 f i OgreD3D9RenderSystem.obj
 0001:000048e0       ??0?$_Vector_const_iterator@PAUD3DADAPTER_T@Ogre@@V?$allocator@PAUD3DADAPTER_T@Ogre@@@std@@@std@@QAE@PAPAUD3DADAPTER_T@Ogre@@PBV_Container_base_aux@1@@Z 100058e0 f i OgreD3D9DriverEnum.obj
 0001:000048e0       ??0?$_Vector_const_iterator@UD3DSMSCONFLICT_T@Ogre@@V?$allocator@UD3DSMSCONFLICT_T@Ogre@@@std@@@std@@QAE@PAUD3DSMSCONFLICT_T@Ogre@@PBV_Container_base_aux@1@@Z 100058e0 f i OgreD3D9DriverEnum.obj
 0001:000048e0       ??0?$_Vector_const_iterator@DV?$allocator@D@std@@@std@@QAE@PADPBV_Container_base_aux@1@@Z 100058e0 f i OgreD3D9ShaderManager.obj
 0001:000048e0       ??0?$_Vector_const_iterator@W4VERTPROCESS_T@Ogre@@V?$allocator@W4VERTPROCESS_T@Ogre@@@std@@@std@@QAE@PAW4VERTPROCESS_T@Ogre@@PBV_Container_base_aux@1@@Z 100058e0 f i OgreD3D9DriverEnum.obj
 0001:000048e0       ??0?$_Vector_const_iterator@W4_D3DMULTISAMPLE_TYPE@@V?$allocator@W4_D3DMULTISAMPLE_TYPE@@@std@@@std@@QAE@PAW4_D3DMULTISAMPLE_TYPE@@PBV_Container_base_aux@1@@Z 100058e0 f i OgreD3D9DriverEnum.obj
 0001:000048e0       ??0?$_Vector_const_iterator@PAUTechCache@D3DMaterialTemplate@Ogre@@V?$allocator@PAUTechCache@D3DMaterialTemplate@Ogre@@@std@@@std@@QAE@PAPAUTechCache@D3DMaterialTemplate@Ogre@@PBV_Container_base_aux@1@@Z 100058e0 f i OgreD3DMaterialTemplate.obj
 0001:000048e0       ??0?$_Vector_const_iterator@UPassDesc@Ogre@@V?$allocator@UPassDesc@Ogre@@@std@@@std@@QAE@PAUPassDesc@Ogre@@PBV_Container_base_aux@1@@Z 100058e0 f i OgreD3D9ShaderManager.obj
 0001:000048e0       ??0?$_Vector_const_iterator@U_D3DXMACRO@@V?$allocator@U_D3DXMACRO@@@std@@@std@@QAE@PAU_D3DXMACRO@@PBV_Container_base_aux@1@@Z 100058e0 f i OgreD3D9ShaderManager.obj
 0001:000048e0       ??0?$_Vector_const_iterator@TShaderEnvKey@Ogre@@V?$allocator@TShaderEnvKey@Ogre@@@std@@@std@@QAE@PATShaderEnvKey@Ogre@@PBV_Container_base_aux@1@@Z 100058e0 f i OgreD3D9ShaderManager.obj
 0001:000048e0       ??0?$_Vector_const_iterator@UDSBuffer@D3D9HardwarePixelBufferManager@Ogre@@V?$allocator@UDSBuffer@D3D9HardwarePixelBufferManager@Ogre@@@std@@@std@@QAE@PAUDSBuffer@D3D9HardwarePixelBufferManager@Ogre@@PBV_Container_base_aux@1@@Z 100058e0 f i OgreD3D9HardwarePixelBuffer.obj
 0001:000048e0       ??0?$_Vector_const_iterator@UPassData@D3DShaderTechnique@Ogre@@V?$allocator@UPassData@D3DShaderTechnique@Ogre@@@std@@@std@@QAE@PAUPassData@D3DShaderTechnique@Ogre@@PBV_Container_base_aux@1@@Z 100058e0 f i OgreD3D9ShaderManager.obj
 0001:000048e0       ??0?$_Vector_const_iterator@U_D3DDISPLAYMODE@@V?$allocator@U_D3DDISPLAYMODE@@@std@@@std@@QAE@PAU_D3DDISPLAYMODE@@PBV_Container_base_aux@1@@Z 100058e0 f i OgreD3D9DriverEnum.obj
 0001:000048e0       ??0?$_Vector_const_iterator@PAUD3DDEVICEINFO_T@Ogre@@V?$allocator@PAUD3DDEVICEINFO_T@Ogre@@@std@@@std@@QAE@PAPAUD3DDEVICEINFO_T@Ogre@@PBV_Container_base_aux@1@@Z 100058e0 f i OgreD3D9DriverEnum.obj
 0001:000048e0       ??0?$_Vector_const_iterator@IV?$allocator@I@std@@@std@@QAE@PAIPBV_Container_base_aux@1@@Z 100058e0 f i OgreD3D9DriverEnum.obj
 0001:000048e0       ??0?$_Vector_const_iterator@UShaderEnv@Ogre@@V?$allocator@UShaderEnv@Ogre@@@std@@@std@@QAE@PAUShaderEnv@Ogre@@PBV_Container_base_aux@1@@Z 100058e0 f i OgreD3DMaterialTemplate.obj
 0001:000048e0       ??0?$_Vector_const_iterator@PAVHardwarePixelBuffer@Ogre@@V?$allocator@PAVHardwarePixelBuffer@Ogre@@@std@@@std@@QAE@PAPAVHardwarePixelBuffer@Ogre@@PBV_Container_base_aux@1@@Z 100058e0 f i OgreD3D9HardwarePixelBuffer.obj
 0001:000048e0       ??0?$_Vector_const_iterator@PAUTechniqueDesc@Ogre@@V?$allocator@PAUTechniqueDesc@Ogre@@@std@@@std@@QAE@PAPAUTechniqueDesc@Ogre@@PBV_Container_base_aux@1@@Z 100058e0 f i OgreD3D9ShaderManager.obj
 0001:000048e0       ??0?$_Vector_const_iterator@PAVD3DRenderWindow@Ogre@@V?$allocator@PAVD3DRenderWindow@Ogre@@@std@@@std@@QAE@PAPAVD3DRenderWindow@Ogre@@PBV_Container_base_aux@1@@Z 100058e0 f i OgreD3D9RenderSystem.obj
 0001:000048e0       ??0?$_Vector_const_iterator@PAUD3DDEVCOMBO_T@Ogre@@V?$allocator@PAUD3DDEVCOMBO_T@Ogre@@@std@@@std@@QAE@PAPAUD3DDEVCOMBO_T@Ogre@@PBV_Container_base_aux@1@@Z 100058e0 f i OgreD3D9DriverEnum.obj
 0001:000048e0       ??0?$_Vector_const_iterator@PAVCompiledShader@Ogre@@V?$allocator@PAVCompiledShader@Ogre@@@std@@@std@@QAE@PAPAVCompiledShader@Ogre@@PBV_Container_base_aux@1@@Z 100058e0 f i OgreD3D9ShaderManager.obj
 0001:00004930       ??Y?$_Vector_iterator@W4VERTPROCESS_T@Ogre@@V?$allocator@W4VERTPROCESS_T@Ogre@@@std@@@std@@QAEAAV01@H@Z 10005930 f i OgreD3D9DriverEnum.obj
 0001:00004930       ??Y?$_Vector_iterator@PAUTechniqueDesc@Ogre@@V?$allocator@PAUTechniqueDesc@Ogre@@@std@@@std@@QAEAAV01@H@Z 10005930 f i OgreD3D9ShaderManager.obj
 0001:00004930       ??Y?$_Vector_iterator@PAVD3D9TextureRenderTarget@Ogre@@V?$allocator@PAVD3D9TextureRenderTarget@Ogre@@@std@@@std@@QAEAAV01@H@Z 10005930 f i OgreD3D9HardwarePixelBuffer.obj
 0001:00004930       ??Y?$_Vector_iterator@PAUTechCache@D3DMaterialTemplate@Ogre@@V?$allocator@PAUTechCache@D3DMaterialTemplate@Ogre@@@std@@@std@@QAEAAV01@H@Z 10005930 f i OgreD3DMaterialTemplate.obj
 0001:00004930       ??Y?$_Vector_iterator@PAVCompiledShader@Ogre@@V?$allocator@PAVCompiledShader@Ogre@@@std@@@std@@QAEAAV01@H@Z 10005930 f i OgreD3D9ShaderManager.obj
 0001:00004930       ??Y?$_Vector_iterator@PAVD3DRenderWindow@Ogre@@V?$allocator@PAVD3DRenderWindow@Ogre@@@std@@@std@@QAEAAV01@H@Z 10005930 f i OgreD3D9RenderSystem.obj
 0001:00004930       ??Y?$_Vector_iterator@W4_D3DFORMAT@@V?$allocator@W4_D3DFORMAT@@@std@@@std@@QAEAAV01@H@Z 10005930 f i OgreD3D9DriverEnum.obj
 0001:00004930       ??Y?$_Vector_iterator@PAUD3DADAPTER_T@Ogre@@V?$allocator@PAUD3DADAPTER_T@Ogre@@@std@@@std@@QAEAAV01@H@Z 10005930 f i OgreD3D9DriverEnum.obj
 0001:00004930       ??Y?$_Vector_iterator@PAUD3DDEVCOMBO_T@Ogre@@V?$allocator@PAUD3DDEVCOMBO_T@Ogre@@@std@@@std@@QAEAAV01@H@Z 10005930 f i OgreD3D9DriverEnum.obj
 0001:00004930       ??Y?$_Vector_iterator@W4_D3DMULTISAMPLE_TYPE@@V?$allocator@W4_D3DMULTISAMPLE_TYPE@@@std@@@std@@QAEAAV01@H@Z 10005930 f i OgreD3D9DriverEnum.obj
 0001:00004930       ??Y?$_Vector_iterator@IV?$allocator@I@std@@@std@@QAEAAV01@H@Z 10005930 f i OgreD3D9DriverEnum.obj
 0001:00004930       ??Y?$_Vector_iterator@PAVD3D9VertexDecl@Ogre@@V?$allocator@PAVD3D9VertexDecl@Ogre@@@std@@@std@@QAEAAV01@H@Z 10005930 f i OgreD3D9RenderSystem.obj
 0001:00004930       ??Y?$_Vector_iterator@PAUD3DDEVICEINFO_T@Ogre@@V?$allocator@PAUD3DDEVICEINFO_T@Ogre@@@std@@@std@@QAEAAV01@H@Z 10005930 f i OgreD3D9DriverEnum.obj
 0001:00004950       ??0_Iterator_base_aux@std@@QAE@XZ 10005950 f i OgreD3D9DriverEnum.obj
 0001:00004970       ?_Getmycont@_Iterator_base_aux@std@@QBEPBV_Container_base_aux@2@XZ 10005970 f i OgreD3D9DriverEnum.obj
 0001:000049a0       ?_Getcont@_Aux_cont@std@@QBEPBV_Container_base_aux@2@XZ 100059a0 f i OgreD3D9DriverEnum.obj
 0001:000049b0       ??Y?$_Vector_const_iterator@U_D3DXMACRO@@V?$allocator@U_D3DXMACRO@@@std@@@std@@QAEAAV01@H@Z 100059b0 f i OgreD3D9ShaderManager.obj
 0001:000049b0       ??Y?$_Vector_const_iterator@UD3DSMSCONFLICT_T@Ogre@@V?$allocator@UD3DSMSCONFLICT_T@Ogre@@@std@@@std@@QAEAAV01@H@Z 100059b0 f i OgreD3D9DriverEnum.obj
 0001:00004a30       ??Y?$_Vector_const_iterator@W4_D3DFORMAT@@V?$allocator@W4_D3DFORMAT@@@std@@@std@@QAEAAV01@H@Z 10005a30 f i OgreD3D9DriverEnum.obj
 0001:00004a30       ??Y?$_Vector_const_iterator@IV?$allocator@I@std@@@std@@QAEAAV01@H@Z 10005a30 f i OgreD3D9DriverEnum.obj
 0001:00004a30       ??Y?$_Vector_const_iterator@W4_D3DMULTISAMPLE_TYPE@@V?$allocator@W4_D3DMULTISAMPLE_TYPE@@@std@@@std@@QAEAAV01@H@Z 10005a30 f i OgreD3D9DriverEnum.obj
 0001:00004a30       ??Y?$_Vector_const_iterator@PAVD3DRenderWindow@Ogre@@V?$allocator@PAVD3DRenderWindow@Ogre@@@std@@@std@@QAEAAV01@H@Z 10005a30 f i OgreD3D9RenderSystem.obj
 0001:00004a30       ??Y?$_Vector_const_iterator@PAUTechniqueDesc@Ogre@@V?$allocator@PAUTechniqueDesc@Ogre@@@std@@@std@@QAEAAV01@H@Z 10005a30 f i OgreD3D9ShaderManager.obj
 0001:00004a30       ??Y?$_Vector_const_iterator@PAUD3DDEVICEINFO_T@Ogre@@V?$allocator@PAUD3DDEVICEINFO_T@Ogre@@@std@@@std@@QAEAAV01@H@Z 10005a30 f i OgreD3D9DriverEnum.obj
 0001:00004a30       ??Y?$_Vector_const_iterator@PAUD3DDEVCOMBO_T@Ogre@@V?$allocator@PAUD3DDEVCOMBO_T@Ogre@@@std@@@std@@QAEAAV01@H@Z 10005a30 f i OgreD3D9DriverEnum.obj
 0001:00004a30       ??Y?$_Vector_const_iterator@PAUTechCache@D3DMaterialTemplate@Ogre@@V?$allocator@PAUTechCache@D3DMaterialTemplate@Ogre@@@std@@@std@@QAEAAV01@H@Z 10005a30 f i OgreD3DMaterialTemplate.obj
 0001:00004a30       ??Y?$_Vector_const_iterator@PAUD3DADAPTER_T@Ogre@@V?$allocator@PAUD3DADAPTER_T@Ogre@@@std@@@std@@QAEAAV01@H@Z 10005a30 f i OgreD3D9DriverEnum.obj
 0001:00004a30       ??Y?$_Vector_const_iterator@W4VERTPROCESS_T@Ogre@@V?$allocator@W4VERTPROCESS_T@Ogre@@@std@@@std@@QAEAAV01@H@Z 10005a30 f i OgreD3D9DriverEnum.obj
 0001:00004a30       ??Y?$_Vector_const_iterator@PAVCompiledShader@Ogre@@V?$allocator@PAVCompiledShader@Ogre@@@std@@@std@@QAEAAV01@H@Z 10005a30 f i OgreD3D9ShaderManager.obj
 0001:00004a30       ??Y?$_Vector_const_iterator@PAVD3D9VertexDecl@Ogre@@V?$allocator@PAVD3D9VertexDecl@Ogre@@@std@@@std@@QAEAAV01@H@Z 10005a30 f i OgreD3D9RenderSystem.obj
 0001:00004a30       ??Y?$_Vector_const_iterator@PAVD3D9TextureRenderTarget@Ogre@@V?$allocator@PAVD3D9TextureRenderTarget@Ogre@@@std@@@std@@QAEAAV01@H@Z 10005a30 f i OgreD3D9HardwarePixelBuffer.obj
 0001:00004ab0       ??$IsVectorContain@W4_D3DFORMAT@@@Ogre@@YAHAAV?$vector@W4_D3DFORMAT@@V?$allocator@W4_D3DFORMAT@@@std@@@std@@ABW4_D3DFORMAT@@@Z 10005ab0 f i OgreD3D9DriverEnum.obj
 0001:00004b10       ??$MakePtrGuard@UD3DDEVCOMBO_T@Ogre@@@Ogre@@YA?AV?$PtrScopeGuardImpl@UD3DDEVCOMBO_T@Ogre@@@0@PAUD3DDEVCOMBO_T@0@@Z 10005b10 f i OgreD3D9DriverEnum.obj
 0001:00004b70       ??$IsValueInArray@W4_D3DMULTISAMPLE_TYPE@@@Ogre@@YA_NW4_D3DMULTISAMPLE_TYPE@@AAV?$vector@W4_D3DMULTISAMPLE_TYPE@@V?$allocator@W4_D3DMULTISAMPLE_TYPE@@@std@@@std@@@Z 10005b70 f i OgreD3D9DriverEnum.obj
 0001:00004b70       ??$IsValueInArray@W4VERTPROCESS_T@Ogre@@@Ogre@@YA_NW4VERTPROCESS_T@0@AAV?$vector@W4VERTPROCESS_T@Ogre@@V?$allocator@W4VERTPROCESS_T@Ogre@@@std@@@std@@@Z 10005b70 f i OgreD3D9DriverEnum.obj
 0001:00004bc0       ??$SafeExecute@V?$PtrScopeGuardImpl@UD3DDEVCOMBO_T@Ogre@@@Ogre@@@ScopeGuardImplBase@Ogre@@KAXAAV?$PtrScopeGuardImpl@UD3DDEVCOMBO_T@Ogre@@@1@@Z 10005bc0 f i OgreD3D9DriverEnum.obj
 0001:00004c30       ??$unchecked_uninitialized_fill_n@PAW4_D3DFORMAT@@IW41@V?$allocator@W4_D3DFORMAT@@@std@@@stdext@@YAXPAW4_D3DFORMAT@@IABW41@AAV?$allocator@W4_D3DFORMAT@@@std@@@Z 10005c30 f i OgreD3D9DriverEnum.obj
 0001:00004c30       ??$unchecked_uninitialized_fill_n@PAW4_D3DMULTISAMPLE_TYPE@@IW41@V?$allocator@W4_D3DMULTISAMPLE_TYPE@@@std@@@stdext@@YAXPAW4_D3DMULTISAMPLE_TYPE@@IABW41@AAV?$allocator@W4_D3DMULTISAMPLE_TYPE@@@std@@@Z 10005c30 f i OgreD3D9DriverEnum.obj
 0001:00004c30       ??$unchecked_uninitialized_fill_n@PAW4VERTPROCESS_T@Ogre@@IW412@V?$allocator@W4VERTPROCESS_T@Ogre@@@std@@@stdext@@YAXPAW4VERTPROCESS_T@Ogre@@IABW412@AAV?$allocator@W4VERTPROCESS_T@Ogre@@@std@@@Z 10005c30 f i OgreD3D9DriverEnum.obj
 0001:00004c80       ??$_Destroy_range@V?$allocator@W4_D3DMULTISAMPLE_TYPE@@@std@@@std@@YAXPAW4_D3DMULTISAMPLE_TYPE@@0AAV?$allocator@W4_D3DMULTISAMPLE_TYPE@@@0@@Z 10005c80 f i OgreD3D9DriverEnum.obj
 0001:00004c80       ??$_Destroy_range@V?$allocator@W4VERTPROCESS_T@Ogre@@@std@@@std@@YAXPAW4VERTPROCESS_T@Ogre@@0AAV?$allocator@W4VERTPROCESS_T@Ogre@@@0@@Z 10005c80 f i OgreD3D9DriverEnum.obj
 0001:00004c80       ??$_Destroy_range@V?$allocator@W4_D3DFORMAT@@@std@@@std@@YAXPAW4_D3DFORMAT@@0AAV?$allocator@W4_D3DFORMAT@@@0@@Z 10005c80 f i OgreD3D9DriverEnum.obj
 0001:00004cc0       ??0bad_alloc@std@@QAE@PBD@Z 10005cc0 f i OgreD3D9DriverEnum.obj
 0001:00004d20       ??1bad_alloc@std@@UAE@XZ   10005d20 f i OgreD3D9DriverEnum.obj
 0001:00004d80       ??_Gbad_alloc@std@@UAEPAXI@Z 10005d80 f i OgreD3D9DriverEnum.obj
 0001:00004d80       ??_Ebad_alloc@std@@UAEPAXI@Z 10005d80 f i OgreD3D9DriverEnum.obj
 0001:00004db0       ??$_Umove@PAW4_D3DMULTISAMPLE_TYPE@@@?$vector@W4_D3DMULTISAMPLE_TYPE@@V?$allocator@W4_D3DMULTISAMPLE_TYPE@@@std@@@std@@IAEPAW4_D3DMULTISAMPLE_TYPE@@PAW42@00@Z 10005db0 f i OgreD3D9DriverEnum.obj
 0001:00004db0       ??$_Umove@PAW4VERTPROCESS_T@Ogre@@@?$vector@W4VERTPROCESS_T@Ogre@@V?$allocator@W4VERTPROCESS_T@Ogre@@@std@@@std@@IAEPAW4VERTPROCESS_T@Ogre@@PAW423@00@Z 10005db0 f i OgreD3D9DriverEnum.obj
 0001:00004db0       ??$_Umove@PAW4_D3DFORMAT@@@?$vector@W4_D3DFORMAT@@V?$allocator@W4_D3DFORMAT@@@std@@@std@@IAEPAW4_D3DFORMAT@@PAW42@00@Z 10005db0 f i OgreD3D9DriverEnum.obj
 0001:00004de0       ??$_Unchecked_move_backward@PAPAVD3DRenderWindow@Ogre@@PAPAV12@@stdext@@YAPAPAVD3DRenderWindow@Ogre@@PAPAV12@00@Z 10005de0 f i OgreD3D9RenderSystem.obj
 0001:00004de0       ??$_Unchecked_move_backward@PAPAVD3D9TextureRenderTarget@Ogre@@PAPAV12@@stdext@@YAPAPAVD3D9TextureRenderTarget@Ogre@@PAPAV12@00@Z 10005de0 f i OgreD3D9HardwarePixelBuffer.obj
 0001:00004de0       ??$_Unchecked_move_backward@PAPAUTechniqueDesc@Ogre@@PAPAU12@@stdext@@YAPAPAUTechniqueDesc@Ogre@@PAPAU12@00@Z 10005de0 f i OgreD3D9ShaderManager.obj
 0001:00004de0       ??$_Unchecked_move_backward@PAPAUD3DADAPTER_T@Ogre@@PAPAU12@@stdext@@YAPAPAUD3DADAPTER_T@Ogre@@PAPAU12@00@Z 10005de0 f i OgreD3D9DriverEnum.obj
 0001:00004de0       ??$_Unchecked_move_backward@PAPAVCompiledShader@Ogre@@PAPAV12@@stdext@@YAPAPAVCompiledShader@Ogre@@PAPAV12@00@Z 10005de0 f i OgreD3D9ShaderManager.obj
 0001:00004de0       ??$_Unchecked_move_backward@PAPAVD3D9VertexDecl@Ogre@@PAPAV12@@stdext@@YAPAPAVD3D9VertexDecl@Ogre@@PAPAV12@00@Z 10005de0 f i OgreD3D9RenderSystem.obj
 0001:00004de0       ??$_Unchecked_move_backward@PAPAUD3DDEVICEINFO_T@Ogre@@PAPAU12@@stdext@@YAPAPAUD3DDEVICEINFO_T@Ogre@@PAPAU12@00@Z 10005de0 f i OgreD3D9DriverEnum.obj
 0001:00004de0       ??$_Unchecked_move_backward@PAIPAI@stdext@@YAPAIPAI00@Z 10005de0 f i OgreD3D9DriverEnum.obj
 0001:00004de0       ??$_Unchecked_move_backward@PAPAUD3DDEVCOMBO_T@Ogre@@PAPAU12@@stdext@@YAPAPAUD3DDEVCOMBO_T@Ogre@@PAPAU12@00@Z 10005de0 f i OgreD3D9DriverEnum.obj
 0001:00004de0       ??$_Unchecked_move_backward@PAPAUTechCache@D3DMaterialTemplate@Ogre@@PAPAU123@@stdext@@YAPAPAUTechCache@D3DMaterialTemplate@Ogre@@PAPAU123@00@Z 10005de0 f i OgreD3DMaterialTemplate.obj
 0001:00004e50       ??$_Unchecked_move_backward@PAUD3DSMSCONFLICT_T@Ogre@@PAU12@@stdext@@YAPAUD3DSMSCONFLICT_T@Ogre@@PAU12@00@Z 10005e50 f i OgreD3D9DriverEnum.obj
 0001:00004e50       ??$_Unchecked_move_backward@PAU_D3DXMACRO@@PAU1@@stdext@@YAPAU_D3DXMACRO@@PAU1@00@Z 10005e50 f i OgreD3D9ShaderManager.obj
 0001:00004ec0       ??$_Unchecked_move_backward@PAW4_D3DMULTISAMPLE_TYPE@@PAW41@@stdext@@YAPAW4_D3DMULTISAMPLE_TYPE@@PAW41@00@Z 10005ec0 f i OgreD3D9DriverEnum.obj
 0001:00004ec0       ??$_Unchecked_move_backward@PAW4VERTPROCESS_T@Ogre@@PAW412@@stdext@@YAPAW4VERTPROCESS_T@Ogre@@PAW412@00@Z 10005ec0 f i OgreD3D9DriverEnum.obj
 0001:00004ec0       ??$_Unchecked_move_backward@PAW4_D3DFORMAT@@PAW41@@stdext@@YAPAW4_D3DFORMAT@@PAW41@00@Z 10005ec0 f i OgreD3D9DriverEnum.obj
 0001:00004f30       ??$_Umove@PAU_D3DDISPLAYMODE@@@?$vector@U_D3DDISPLAYMODE@@V?$allocator@U_D3DDISPLAYMODE@@@std@@@std@@IAEPAU_D3DDISPLAYMODE@@PAU2@00@Z 10005f30 f i OgreD3D9DriverEnum.obj
 0001:00004f30       ??$_Umove@PATShaderEnvKey@Ogre@@@?$vector@TShaderEnvKey@Ogre@@V?$allocator@TShaderEnvKey@Ogre@@@std@@@std@@IAEPATShaderEnvKey@Ogre@@PAT23@00@Z 10005f30 f i OgreD3D9ShaderManager.obj
 0001:00004f60       ??$fill@PATShaderEnvKey@Ogre@@T12@@std@@YAXPATShaderEnvKey@Ogre@@0ABT12@@Z 10005f60 f i OgreD3D9ShaderManager.obj
 0001:00004f60       ??$fill@PAU_D3DDISPLAYMODE@@U1@@std@@YAXPAU_D3DDISPLAYMODE@@0ABU1@@Z 10005f60 f i OgreD3D9DriverEnum.obj
 0001:00004f90       ??$_Allocate@U_D3DDISPLAYMODE@@@std@@YAPAU_D3DDISPLAYMODE@@IPAU1@@Z 10005f90 f i OgreD3D9DriverEnum.obj
 0001:00004f90       ??$_Allocate@TShaderEnvKey@Ogre@@@std@@YAPATShaderEnvKey@Ogre@@IPAT12@@Z 10005f90 f i OgreD3D9ShaderManager.obj
 0001:00004fe0       ??$_Allocate@I@std@@YAPAIIPAI@Z 10005fe0 f i OgreD3D9DriverEnum.obj
 0001:00004fe0       ??$_Allocate@W4VERTPROCESS_T@Ogre@@@std@@YAPAW4VERTPROCESS_T@Ogre@@IPAW412@@Z 10005fe0 f i OgreD3D9DriverEnum.obj
 0001:00004fe0       ??$_Allocate@PAVD3DRenderWindow@Ogre@@@std@@YAPAPAVD3DRenderWindow@Ogre@@IPAPAV12@@Z 10005fe0 f i OgreD3D9RenderSystem.obj
 0001:00004fe0       ??$_Allocate@PAUD3DADAPTER_T@Ogre@@@std@@YAPAPAUD3DADAPTER_T@Ogre@@IPAPAU12@@Z 10005fe0 f i OgreD3D9DriverEnum.obj
 0001:00004fe0       ??$_Allocate@PAUTechCache@D3DMaterialTemplate@Ogre@@@std@@YAPAPAUTechCache@D3DMaterialTemplate@Ogre@@IPAPAU123@@Z 10005fe0 f i OgreD3DMaterialTemplate.obj
 0001:00004fe0       ??$_Allocate@PAUD3DDEVICEINFO_T@Ogre@@@std@@YAPAPAUD3DDEVICEINFO_T@Ogre@@IPAPAU12@@Z 10005fe0 f i OgreD3D9DriverEnum.obj
 0001:00004fe0       ??$_Allocate@W4_D3DFORMAT@@@std@@YAPAW4_D3DFORMAT@@IPAW41@@Z 10005fe0 f i OgreD3D9DriverEnum.obj
 0001:00004fe0       ??$_Allocate@PAUTechniqueDesc@Ogre@@@std@@YAPAPAUTechniqueDesc@Ogre@@IPAPAU12@@Z 10005fe0 f i OgreD3D9ShaderManager.obj
 0001:00004fe0       ??$_Allocate@W4_D3DMULTISAMPLE_TYPE@@@std@@YAPAW4_D3DMULTISAMPLE_TYPE@@IPAW41@@Z 10005fe0 f i OgreD3D9DriverEnum.obj
 0001:00004fe0       ??$_Allocate@PAUD3DDEVCOMBO_T@Ogre@@@std@@YAPAPAUD3DDEVCOMBO_T@Ogre@@IPAPAU12@@Z 10005fe0 f i OgreD3D9DriverEnum.obj
 0001:00004fe0       ??$_Allocate@PAUIDirect3DBaseTexture9@@@std@@YAPAPAUIDirect3DBaseTexture9@@IPAPAU1@@Z 10005fe0 f i OgreD3D9HardwarePixelBuffer.obj
 0001:00004fe0       ??$_Allocate@PAVD3D9VertexDecl@Ogre@@@std@@YAPAPAVD3D9VertexDecl@Ogre@@IPAPAV12@@Z 10005fe0 f i OgreD3D9RenderSystem.obj
 0001:00004fe0       ??$_Allocate@PAVD3D9TextureRenderTarget@Ogre@@@std@@YAPAPAVD3D9TextureRenderTarget@Ogre@@IPAPAV12@@Z 10005fe0 f i OgreD3D9HardwarePixelBuffer.obj
 0001:00004fe0       ??$_Allocate@PAVCompiledShader@Ogre@@@std@@YAPAPAVCompiledShader@Ogre@@IPAPAV12@@Z 10005fe0 f i OgreD3D9ShaderManager.obj
 0001:00004fe0       ??$_Allocate@V_Aux_cont@std@@@std@@YAPAV_Aux_cont@0@IPAV10@@Z 10005fe0 f i OgreD3D9DriverEnum.obj
 0001:00005030       ??$_Umove@PAPAUD3DDEVCOMBO_T@Ogre@@@?$vector@PAUD3DDEVCOMBO_T@Ogre@@V?$allocator@PAUD3DDEVCOMBO_T@Ogre@@@std@@@std@@IAEPAPAUD3DDEVCOMBO_T@Ogre@@PAPAU23@00@Z 10006030 f i OgreD3D9DriverEnum.obj
 0001:00005030       ??$_Umove@PAPAUTechniqueDesc@Ogre@@@?$vector@PAUTechniqueDesc@Ogre@@V?$allocator@PAUTechniqueDesc@Ogre@@@std@@@std@@IAEPAPAUTechniqueDesc@Ogre@@PAPAU23@00@Z 10006030 f i OgreD3D9ShaderManager.obj
 0001:00005030       ??$_Umove@PAPAUD3DDEVICEINFO_T@Ogre@@@?$vector@PAUD3DDEVICEINFO_T@Ogre@@V?$allocator@PAUD3DDEVICEINFO_T@Ogre@@@std@@@std@@IAEPAPAUD3DDEVICEINFO_T@Ogre@@PAPAU23@00@Z 10006030 f i OgreD3D9DriverEnum.obj
 0001:00005030       ??$_Umove@PAPAUD3DADAPTER_T@Ogre@@@?$vector@PAUD3DADAPTER_T@Ogre@@V?$allocator@PAUD3DADAPTER_T@Ogre@@@std@@@std@@IAEPAPAUD3DADAPTER_T@Ogre@@PAPAU23@00@Z 10006030 f i OgreD3D9DriverEnum.obj
 0001:00005030       ??$_Umove@PAI@?$vector@IV?$allocator@I@std@@@std@@IAEPAIPAI00@Z 10006030 f i OgreD3D9DriverEnum.obj
 0001:00005030       ??$_Umove@PAPAVD3D9TextureRenderTarget@Ogre@@@?$vector@PAVD3D9TextureRenderTarget@Ogre@@V?$allocator@PAVD3D9TextureRenderTarget@Ogre@@@std@@@std@@IAEPAPAVD3D9TextureRenderTarget@Ogre@@PAPAV23@00@Z 10006030 f i OgreD3D9HardwarePixelBuffer.obj
 0001:00005030       ??$_Umove@PAPAUTechCache@D3DMaterialTemplate@Ogre@@@?$vector@PAUTechCache@D3DMaterialTemplate@Ogre@@V?$allocator@PAUTechCache@D3DMaterialTemplate@Ogre@@@std@@@std@@IAEPAPAUTechCache@D3DMaterialTemplate@Ogre@@PAPAU234@00@Z 10006030 f i OgreD3DMaterialTemplate.obj
 0001:00005030       ??$_Umove@PAPAVD3DRenderWindow@Ogre@@@?$vector@PAVD3DRenderWindow@Ogre@@V?$allocator@PAVD3DRenderWindow@Ogre@@@std@@@std@@IAEPAPAVD3DRenderWindow@Ogre@@PAPAV23@00@Z 10006030 f i OgreD3D9RenderSystem.obj
 0001:00005030       ??$_Umove@PAPAVCompiledShader@Ogre@@@?$vector@PAVCompiledShader@Ogre@@V?$allocator@PAVCompiledShader@Ogre@@@std@@@std@@IAEPAPAVCompiledShader@Ogre@@PAPAV23@00@Z 10006030 f i OgreD3D9ShaderManager.obj
 0001:00005030       ??$_Umove@PAPAVD3D9VertexDecl@Ogre@@@?$vector@PAVD3D9VertexDecl@Ogre@@V?$allocator@PAVD3D9VertexDecl@Ogre@@@std@@@std@@IAEPAPAVD3D9VertexDecl@Ogre@@PAPAV23@00@Z 10006030 f i OgreD3D9RenderSystem.obj
 0001:00005060       ??0bad_alloc@std@@QAE@ABV01@@Z 10006060 f i OgreD3D9DriverEnum.obj
 0001:000050c0       ?MakePtrGuard@?$PtrScopeGuardImpl@UD3DDEVCOMBO_T@Ogre@@@Ogre@@SA?AV12@PAUD3DDEVCOMBO_T@2@@Z 100060c0 f i OgreD3D9DriverEnum.obj
 0001:00005120       ?Execute@?$PtrScopeGuardImpl@UD3DDEVCOMBO_T@Ogre@@@Ogre@@QAEXXZ 10006120 f i OgreD3D9DriverEnum.obj
 0001:00005160       ??0?$PtrScopeGuardImpl@UD3DDEVCOMBO_T@Ogre@@@Ogre@@IAE@PAUD3DDEVCOMBO_T@1@@Z 10006160 f i OgreD3D9DriverEnum.obj
 0001:000051c0       ??0ScopeGuardImplBase@Ogre@@QAE@XZ 100061c0 f i OgreD3D9DriverEnum.obj
 0001:000051e0       ??$_Uninit_fill_n@PAW4_D3DFORMAT@@IW41@V?$allocator@W4_D3DFORMAT@@@std@@@std@@YAXPAW4_D3DFORMAT@@IABW41@AAV?$allocator@W4_D3DFORMAT@@@0@U_Nonscalar_ptr_iterator_tag@0@U_Range_checked_iterator_tag@0@@Z 100061e0 f i OgreD3D9DriverEnum.obj
 0001:000051e0       ??$_Uninit_fill_n@PAW4_D3DMULTISAMPLE_TYPE@@IW41@V?$allocator@W4_D3DMULTISAMPLE_TYPE@@@std@@@std@@YAXPAW4_D3DMULTISAMPLE_TYPE@@IABW41@AAV?$allocator@W4_D3DMULTISAMPLE_TYPE@@@0@U_Nonscalar_ptr_iterator_tag@0@U_Range_checked_iterator_tag@0@@Z 100061e0 f i OgreD3D9DriverEnum.obj
 0001:000051e0       ??$_Uninit_fill_n@PAW4VERTPROCESS_T@Ogre@@IW412@V?$allocator@W4VERTPROCESS_T@Ogre@@@std@@@std@@YAXPAW4VERTPROCESS_T@Ogre@@IABW412@AAV?$allocator@W4VERTPROCESS_T@Ogre@@@0@U_Nonscalar_ptr_iterator_tag@0@U_Range_checked_iterator_tag@0@@Z 100061e0 f i OgreD3D9DriverEnum.obj
 0001:000052a0       ??$_Uninit_fill_n@PAPAVD3D9VertexDecl@Ogre@@IPAV12@V?$allocator@PAVD3D9VertexDecl@Ogre@@@std@@@std@@YAXPAPAVD3D9VertexDecl@Ogre@@IABQAV12@AAV?$allocator@PAVD3D9VertexDecl@Ogre@@@0@U_Scalar_ptr_iterator_tag@0@U_Range_checked_iterator_tag@0@@Z 100062a0 f i OgreD3D9RenderSystem.obj
 0001:000052a0       ??$_Uninit_fill_n@PAPAUD3DDEVCOMBO_T@Ogre@@IPAU12@V?$allocator@PAUD3DDEVCOMBO_T@Ogre@@@std@@@std@@YAXPAPAUD3DDEVCOMBO_T@Ogre@@IABQAU12@AAV?$allocator@PAUD3DDEVCOMBO_T@Ogre@@@0@U_Scalar_ptr_iterator_tag@0@U_Range_checked_iterator_tag@0@@Z 100062a0 f i OgreD3D9DriverEnum.obj
 0001:000052a0       ??$_Uninit_fill_n@PAIIIV?$allocator@I@std@@@std@@YAXPAIIABIAAV?$allocator@I@0@U_Scalar_ptr_iterator_tag@0@U_Range_checked_iterator_tag@0@@Z 100062a0 f i OgreD3D9DriverEnum.obj
 0001:000052a0       ??$_Uninit_fill_n@PAPAUD3DDEVICEINFO_T@Ogre@@IPAU12@V?$allocator@PAUD3DDEVICEINFO_T@Ogre@@@std@@@std@@YAXPAPAUD3DDEVICEINFO_T@Ogre@@IABQAU12@AAV?$allocator@PAUD3DDEVICEINFO_T@Ogre@@@0@U_Scalar_ptr_iterator_tag@0@U_Range_checked_iterator_tag@0@@Z 100062a0 f i OgreD3D9DriverEnum.obj
 0001:000052a0       ??$_Uninit_fill_n@PAPAVCompiledShader@Ogre@@IPAV12@V?$allocator@PAVCompiledShader@Ogre@@@std@@@std@@YAXPAPAVCompiledShader@Ogre@@IABQAV12@AAV?$allocator@PAVCompiledShader@Ogre@@@0@U_Scalar_ptr_iterator_tag@0@U_Range_checked_iterator_tag@0@@Z 100062a0 f i OgreD3D9ShaderManager.obj
 0001:000052a0       ??$_Uninit_fill_n@PAPAUTechniqueDesc@Ogre@@IPAU12@V?$allocator@PAUTechniqueDesc@Ogre@@@std@@@std@@YAXPAPAUTechniqueDesc@Ogre@@IABQAU12@AAV?$allocator@PAUTechniqueDesc@Ogre@@@0@U_Scalar_ptr_iterator_tag@0@U_Range_checked_iterator_tag@0@@Z 100062a0 f i OgreD3D9ShaderManager.obj
 0001:000052a0       ??$_Uninit_fill_n@PAPAUTechCache@D3DMaterialTemplate@Ogre@@IPAU123@V?$allocator@PAUTechCache@D3DMaterialTemplate@Ogre@@@std@@@std@@YAXPAPAUTechCache@D3DMaterialTemplate@Ogre@@IABQAU123@AAV?$allocator@PAUTechCache@D3DMaterialTemplate@Ogre@@@0@U_Scalar_ptr_iterator_tag@0@U_Range_checked_iterator_tag@0@@Z 100062a0 f i OgreD3DMaterialTemplate.obj
 0001:000052a0       ??$_Uninit_fill_n@PAPAVD3DRenderWindow@Ogre@@IPAV12@V?$allocator@PAVD3DRenderWindow@Ogre@@@std@@@std@@YAXPAPAVD3DRenderWindow@Ogre@@IABQAV12@AAV?$allocator@PAVD3DRenderWindow@Ogre@@@0@U_Scalar_ptr_iterator_tag@0@U_Range_checked_iterator_tag@0@@Z 100062a0 f i OgreD3D9RenderSystem.obj
 0001:000052a0       ??$_Uninit_fill_n@PAPAVD3D9TextureRenderTarget@Ogre@@IPAV12@V?$allocator@PAVD3D9TextureRenderTarget@Ogre@@@std@@@std@@YAXPAPAVD3D9TextureRenderTarget@Ogre@@IABQAV12@AAV?$allocator@PAVD3D9TextureRenderTarget@Ogre@@@0@U_Scalar_ptr_iterator_tag@0@U_Range_checked_iterator_tag@0@@Z 100062a0 f i OgreD3D9HardwarePixelBuffer.obj
 0001:000052a0       ??$_Uninit_fill_n@PAPAUD3DADAPTER_T@Ogre@@IPAU12@V?$allocator@PAUD3DADAPTER_T@Ogre@@@std@@@std@@YAXPAPAUD3DADAPTER_T@Ogre@@IABQAU12@AAV?$allocator@PAUD3DADAPTER_T@Ogre@@@0@U_Scalar_ptr_iterator_tag@0@U_Range_checked_iterator_tag@0@@Z 100062a0 f i OgreD3D9DriverEnum.obj
 0001:000052c0       ??$_Destroy_range@V?$allocator@W4_D3DFORMAT@@@std@@@std@@YAXPAW4_D3DFORMAT@@0AAV?$allocator@W4_D3DFORMAT@@@0@U_Nonscalar_ptr_iterator_tag@0@@Z 100062c0 f i OgreD3D9DriverEnum.obj
 0001:000052c0       ??$_Destroy_range@V?$allocator@W4VERTPROCESS_T@Ogre@@@std@@@std@@YAXPAW4VERTPROCESS_T@Ogre@@0AAV?$allocator@W4VERTPROCESS_T@Ogre@@@0@U_Nonscalar_ptr_iterator_tag@0@@Z 100062c0 f i OgreD3D9DriverEnum.obj
 0001:000052c0       ??$_Destroy_range@V?$allocator@W4_D3DMULTISAMPLE_TYPE@@@std@@@std@@YAXPAW4_D3DMULTISAMPLE_TYPE@@0AAV?$allocator@W4_D3DMULTISAMPLE_TYPE@@@0@U_Nonscalar_ptr_iterator_tag@0@@Z 100062c0 f i OgreD3D9DriverEnum.obj
 0001:000052f0       ??$_Unchecked_uninitialized_move@PAW4VERTPROCESS_T@Ogre@@PAW412@V?$allocator@W4VERTPROCESS_T@Ogre@@@std@@@stdext@@YAPAW4VERTPROCESS_T@Ogre@@PAW412@00AAV?$allocator@W4VERTPROCESS_T@Ogre@@@std@@@Z 100062f0 f i OgreD3D9DriverEnum.obj
 0001:000052f0       ??$_Unchecked_uninitialized_move@PAW4_D3DFORMAT@@PAW41@V?$allocator@W4_D3DFORMAT@@@std@@@stdext@@YAPAW4_D3DFORMAT@@PAW41@00AAV?$allocator@W4_D3DFORMAT@@@std@@@Z 100062f0 f i OgreD3D9DriverEnum.obj
 0001:000052f0       ??$_Unchecked_uninitialized_move@PAW4_D3DMULTISAMPLE_TYPE@@PAW41@V?$allocator@W4_D3DMULTISAMPLE_TYPE@@@std@@@stdext@@YAPAW4_D3DMULTISAMPLE_TYPE@@PAW41@00AAV?$allocator@W4_D3DMULTISAMPLE_TYPE@@@std@@@Z 100062f0 f i OgreD3D9DriverEnum.obj
 0001:00005340       ??$_Move_backward_opt@PAW4VERTPROCESS_T@Ogre@@PAW412@Urandom_access_iterator_tag@std@@U_Undefined_move_tag@4@@std@@YAPAW4VERTPROCESS_T@Ogre@@PAW412@00Urandom_access_iterator_tag@0@U_Undefined_move_tag@0@U_Range_checked_iterator_tag@0@@Z 10006340 f i OgreD3D9DriverEnum.obj
 0001:00005340       ??$_Move_backward_opt@PAW4_D3DMULTISAMPLE_TYPE@@PAW41@Urandom_access_iterator_tag@std@@U_Undefined_move_tag@3@@std@@YAPAW4_D3DMULTISAMPLE_TYPE@@PAW41@00Urandom_access_iterator_tag@0@U_Undefined_move_tag@0@U_Range_checked_iterator_tag@0@@Z 10006340 f i OgreD3D9DriverEnum.obj
 0001:00005340       ??$_Move_backward_opt@PAW4_D3DFORMAT@@PAW41@Urandom_access_iterator_tag@std@@U_Undefined_move_tag@3@@std@@YAPAW4_D3DFORMAT@@PAW41@00Urandom_access_iterator_tag@0@U_Undefined_move_tag@0@U_Range_checked_iterator_tag@0@@Z 10006340 f i OgreD3D9DriverEnum.obj
 0001:00005390       ??$_Unchecked_uninitialized_move@PATShaderEnvKey@Ogre@@PAT12@V?$allocator@TShaderEnvKey@Ogre@@@std@@@stdext@@YAPATShaderEnvKey@Ogre@@PAT12@00AAV?$allocator@TShaderEnvKey@Ogre@@@std@@@Z 10006390 f i OgreD3D9ShaderManager.obj
 0001:00005390       ??$_Unchecked_uninitialized_move@PAU_D3DDISPLAYMODE@@PAU1@V?$allocator@U_D3DDISPLAYMODE@@@std@@@stdext@@YAPAU_D3DDISPLAYMODE@@PAU1@00AAV?$allocator@U_D3DDISPLAYMODE@@@std@@@Z 10006390 f i OgreD3D9DriverEnum.obj
 0001:000053e0       ??$_Fill@PAU_D3DDISPLAYMODE@@U1@@std@@YAXPAU_D3DDISPLAYMODE@@0ABU1@@Z 100063e0 f i OgreD3D9DriverEnum.obj
 0001:000053e0       ??$_Fill@PATShaderEnvKey@Ogre@@T12@@std@@YAXPATShaderEnvKey@Ogre@@0ABT12@@Z 100063e0 f i OgreD3D9ShaderManager.obj
 0001:00005420       ??$_Unchecked_uninitialized_move@PAPAVD3D9TextureRenderTarget@Ogre@@PAPAV12@V?$allocator@PAVD3D9TextureRenderTarget@Ogre@@@std@@@stdext@@YAPAPAVD3D9TextureRenderTarget@Ogre@@PAPAV12@00AAV?$allocator@PAVD3D9TextureRenderTarget@Ogre@@@std@@@Z 10006420 f i OgreD3D9HardwarePixelBuffer.obj
 0001:00005420       ??$_Unchecked_uninitialized_move@PAPAUD3DDEVCOMBO_T@Ogre@@PAPAU12@V?$allocator@PAUD3DDEVCOMBO_T@Ogre@@@std@@@stdext@@YAPAPAUD3DDEVCOMBO_T@Ogre@@PAPAU12@00AAV?$allocator@PAUD3DDEVCOMBO_T@Ogre@@@std@@@Z 10006420 f i OgreD3D9DriverEnum.obj
 0001:00005420       ??$_Unchecked_uninitialized_move@PAPAUTechCache@D3DMaterialTemplate@Ogre@@PAPAU123@V?$allocator@PAUTechCache@D3DMaterialTemplate@Ogre@@@std@@@stdext@@YAPAPAUTechCache@D3DMaterialTemplate@Ogre@@PAPAU123@00AAV?$allocator@PAUTechCache@D3DMaterialTemplate@Ogre@@@std@@@Z 10006420 f i OgreD3DMaterialTemplate.obj
 0001:00005420       ??$_Unchecked_uninitialized_move@PAPAVCompiledShader@Ogre@@PAPAV12@V?$allocator@PAVCompiledShader@Ogre@@@std@@@stdext@@YAPAPAVCompiledShader@Ogre@@PAPAV12@00AAV?$allocator@PAVCompiledShader@Ogre@@@std@@@Z 10006420 f i OgreD3D9ShaderManager.obj
 0001:00005420       ??$_Unchecked_uninitialized_move@PAPAVD3D9VertexDecl@Ogre@@PAPAV12@V?$allocator@PAVD3D9VertexDecl@Ogre@@@std@@@stdext@@YAPAPAVD3D9VertexDecl@Ogre@@PAPAV12@00AAV?$allocator@PAVD3D9VertexDecl@Ogre@@@std@@@Z 10006420 f i OgreD3D9RenderSystem.obj
 0001:00005420       ??$_Unchecked_uninitialized_move@PAPAUTechniqueDesc@Ogre@@PAPAU12@V?$allocator@PAUTechniqueDesc@Ogre@@@std@@@stdext@@YAPAPAUTechniqueDesc@Ogre@@PAPAU12@00AAV?$allocator@PAUTechniqueDesc@Ogre@@@std@@@Z 10006420 f i OgreD3D9ShaderManager.obj
 0001:00005420       ??$_Unchecked_uninitialized_move@PAPAVD3DRenderWindow@Ogre@@PAPAV12@V?$allocator@PAVD3DRenderWindow@Ogre@@@std@@@stdext@@YAPAPAVD3DRenderWindow@Ogre@@PAPAV12@00AAV?$allocator@PAVD3DRenderWindow@Ogre@@@std@@@Z 10006420 f i OgreD3D9RenderSystem.obj
 0001:00005420       ??$_Unchecked_uninitialized_move@PAIPAIV?$allocator@I@std@@@stdext@@YAPAIPAI00AAV?$allocator@I@std@@@Z 10006420 f i OgreD3D9DriverEnum.obj
 0001:00005420       ??$_Unchecked_uninitialized_move@PAPAUD3DADAPTER_T@Ogre@@PAPAU12@V?$allocator@PAUD3DADAPTER_T@Ogre@@@std@@@stdext@@YAPAPAUD3DADAPTER_T@Ogre@@PAPAU12@00AAV?$allocator@PAUD3DADAPTER_T@Ogre@@@std@@@Z 10006420 f i OgreD3D9DriverEnum.obj
 0001:00005420       ??$_Unchecked_uninitialized_move@PAPAUD3DDEVICEINFO_T@Ogre@@PAPAU12@V?$allocator@PAUD3DDEVICEINFO_T@Ogre@@@std@@@stdext@@YAPAPAUD3DDEVICEINFO_T@Ogre@@PAPAU12@00AAV?$allocator@PAUD3DDEVICEINFO_T@Ogre@@@std@@@Z 10006420 f i OgreD3D9DriverEnum.obj
 0001:00005470       ?construct@?$allocator@UD3DSMSCONFLICT_T@Ogre@@@std@@QAEXPAUD3DSMSCONFLICT_T@Ogre@@ABU34@@Z 10006470 f i OgreD3D9DriverEnum.obj
 0001:00005470       ?construct@?$allocator@U_D3DXMACRO@@@std@@QAEXPAU_D3DXMACRO@@ABU3@@Z 10006470 f i OgreD3D9ShaderManager.obj
 0001:00005490       ??$unchecked_fill_n@PAPAUD3DDEVCOMBO_T@Ogre@@IPAU12@@stdext@@YAXPAPAUD3DDEVCOMBO_T@Ogre@@IABQAU12@@Z 10006490 f i OgreD3D9DriverEnum.obj
 0001:00005490       ??$unchecked_fill_n@PAPAUD3DDEVICEINFO_T@Ogre@@IPAU12@@stdext@@YAXPAPAUD3DDEVICEINFO_T@Ogre@@IABQAU12@@Z 10006490 f i OgreD3D9DriverEnum.obj
 0001:00005490       ??$unchecked_fill_n@PAIII@stdext@@YAXPAIIABI@Z 10006490 f i OgreD3D9DriverEnum.obj
 0001:00005490       ??$unchecked_fill_n@PAPAVD3D9VertexDecl@Ogre@@IPAV12@@stdext@@YAXPAPAVD3D9VertexDecl@Ogre@@IABQAV12@@Z 10006490 f i OgreD3D9RenderSystem.obj
 0001:00005490       ??$unchecked_fill_n@PAPAUTechniqueDesc@Ogre@@IPAU12@@stdext@@YAXPAPAUTechniqueDesc@Ogre@@IABQAU12@@Z 10006490 f i OgreD3D9ShaderManager.obj
 0001:00005490       ??$unchecked_fill_n@PAPAVCompiledShader@Ogre@@IPAV12@@stdext@@YAXPAPAVCompiledShader@Ogre@@IABQAV12@@Z 10006490 f i OgreD3D9ShaderManager.obj
 0001:00005490       ??$unchecked_fill_n@PAPAUTechCache@D3DMaterialTemplate@Ogre@@IPAU123@@stdext@@YAXPAPAUTechCache@D3DMaterialTemplate@Ogre@@IABQAU123@@Z 10006490 f i OgreD3DMaterialTemplate.obj
 0001:00005490       ??$unchecked_fill_n@PAPAVD3DRenderWindow@Ogre@@IPAV12@@stdext@@YAXPAPAVD3DRenderWindow@Ogre@@IABQAV12@@Z 10006490 f i OgreD3D9RenderSystem.obj
 0001:00005490       ??$unchecked_fill_n@PAPAUD3DADAPTER_T@Ogre@@IPAU12@@stdext@@YAXPAPAUD3DADAPTER_T@Ogre@@IABQAU12@@Z 10006490 f i OgreD3D9DriverEnum.obj
 0001:00005490       ??$unchecked_fill_n@PAPAVD3D9TextureRenderTarget@Ogre@@IPAV12@@stdext@@YAXPAPAVD3D9TextureRenderTarget@Ogre@@IABQAV12@@Z 10006490 f i OgreD3D9HardwarePixelBuffer.obj
 0001:000054d0       ??$_Copy_backward_opt@PAW4_D3DFORMAT@@PAW41@@std@@YAPAW4_D3DFORMAT@@PAW41@00Urandom_access_iterator_tag@0@U_Nonscalar_ptr_iterator_tag@0@U_Range_checked_iterator_tag@0@@Z 100064d0 f i OgreD3D9DriverEnum.obj
 0001:000054d0       ??$_Copy_backward_opt@PAW4_D3DMULTISAMPLE_TYPE@@PAW41@@std@@YAPAW4_D3DMULTISAMPLE_TYPE@@PAW41@00Urandom_access_iterator_tag@0@U_Nonscalar_ptr_iterator_tag@0@U_Range_checked_iterator_tag@0@@Z 100064d0 f i OgreD3D9DriverEnum.obj
 0001:000054d0       ??$_Copy_backward_opt@PAW4VERTPROCESS_T@Ogre@@PAW412@@std@@YAPAW4VERTPROCESS_T@Ogre@@PAW412@00Urandom_access_iterator_tag@0@U_Nonscalar_ptr_iterator_tag@0@U_Range_checked_iterator_tag@0@@Z 100064d0 f i OgreD3D9DriverEnum.obj
 0001:00005530       ??$_Uninit_move@PAU_D3DXMACRO@@PAU1@V?$allocator@U_D3DXMACRO@@@std@@U_Undefined_move_tag@3@@std@@YAPAU_D3DXMACRO@@PAU1@00AAV?$allocator@U_D3DXMACRO@@@0@U_Undefined_move_tag@0@U_Range_checked_iterator_tag@0@@Z 10006530 f i OgreD3D9ShaderManager.obj
 0001:00005530       ??$_Uninit_move@PAUD3DSMSCONFLICT_T@Ogre@@PAU12@V?$allocator@UD3DSMSCONFLICT_T@Ogre@@@std@@U_Undefined_move_tag@4@@std@@YAPAUD3DSMSCONFLICT_T@Ogre@@PAU12@00AAV?$allocator@UD3DSMSCONFLICT_T@Ogre@@@0@U_Undefined_move_tag@0@U_Range_checked_iterator_tag@0@@Z 10006530 f i OgreD3D9DriverEnum.obj
 0001:00005550       ??$_Uninit_move@PAW4VERTPROCESS_T@Ogre@@PAW412@V?$allocator@W4VERTPROCESS_T@Ogre@@@std@@U_Undefined_move_tag@4@@std@@YAPAW4VERTPROCESS_T@Ogre@@PAW412@00AAV?$allocator@W4VERTPROCESS_T@Ogre@@@0@U_Undefined_move_tag@0@U_Range_checked_iterator_tag@0@@Z 10006550 f i OgreD3D9DriverEnum.obj
[...]
 0001:0002b778       __ehhandler$??0?$_Tree_val@V?$_Tmap_traits@TShaderEnvKey@Ogre@@PAVD3DTech@2@U?$less@TShaderEnvKey@Ogre@@@std@@V?$allocator@U?$pair@$$CBTShaderEnvKey@Ogre@@PAVD3DTech@2@@std@@@5@$0A@@std@@@std@@IAE@ABU?$less@TShaderEnvKey@Ogre@@@1@V?$allocator@U?$pair@$$CBTShaderEnvKey@Ogre@@PAVD3DTech@2@@std@@@1@@Z 1002c778 f   OgreD3DMaterialTemplate.obj
 0001:0002b778       __ehhandler$??0?$_Tree_val@V?$_Tmap_traits@TShaderEnvKey2@Ogre@@PAVD3DShaderTechnique@2@U?$less@TShaderEnvKey2@Ogre@@@std@@V?$allocator@U?$pair@$$CBTShaderEnvKey2@Ogre@@PAVD3DShaderTechnique@2@@std@@@5@$0A@@std@@@std@@IAE@ABU?$less@TShaderEnvKey2@Ogre@@@1@V?$allocator@U?$pair@$$CBTShaderEnvKey2@Ogre@@PAVD3DShaderTechnique@2@@std@@@1@@Z 1002c778 f   OgreD3DMaterialTemplate.obj
 0001:0002b778       __ehhandler$??0?$_Tree_val@V?$_Tmap_traits@VFixedString@Ogre@@PAVCompiledShaderGroup@2@U?$less@VFixedString@Ogre@@@std@@V?$allocator@U?$pair@$$CBVFixedString@Ogre@@PAVCompiledShaderGroup@2@@std@@@5@$0A@@std@@@std@@IAE@ABU?$less@VFixedString@Ogre@@@1@V?$allocator@U?$pair@$$CBVFixedString@Ogre@@PAVCompiledShaderGroup@2@@std@@@1@@Z 1002c778 f   OgreD3DMaterialTemplate.obj
 0001:0002b778       __ehhandler$??0?$_Tree_val@V?$_Tmap_traits@TShaderEnvKey@Ogre@@PAVCompiledShader@2@U?$less@TShaderEnvKey@Ogre@@@std@@V?$allocator@U?$pair@$$CBTShaderEnvKey@Ogre@@PAVCompiledShader@2@@std@@@5@$0A@@std@@@std@@IAE@ABU?$less@TShaderEnvKey@Ogre@@@1@V?$allocator@U?$pair@$$CBTShaderEnvKey@Ogre@@PAVCompiledShader@2@@std@@@1@@Z 1002c778 f   OgreD3DMaterialTemplate.obj
 0001:0002b7a0       __ehhandler$?_Insert_n@?$vector@PAVCompiledShader@Ogre@@V?$allocator@PAVCompiledShader@Ogre@@@std@@@std@@IAEXV?$_Vector_const_iterator@PAVCompiledShader@Ogre@@V?$allocator@PAVCompiledShader@Ogre@@@std@@@2@IABQAVCompiledShader@Ogre@@@Z 1002c7a0 f   OgreD3DMaterialTemplate.obj
 0001:0002b7a0       __ehhandler$?_Insert_n@?$vector@PAUD3DADAPTER_T@Ogre@@V?$allocator@PAUD3DADAPTER_T@Ogre@@@std@@@std@@IAEXV?$_Vector_const_iterator@PAUD3DADAPTER_T@Ogre@@V?$allocator@PAUD3DADAPTER_T@Ogre@@@std@@@2@IABQAUD3DADAPTER_T@Ogre@@@Z 1002c7a0 f   OgreD3DMaterialTemplate.obj
 0001:0002b7a0       __ehhandler$?_Insert_n@?$vector@PAUD3DDEVCOMBO_T@Ogre@@V?$allocator@PAUD3DDEVCOMBO_T@Ogre@@@std@@@std@@IAEXV?$_Vector_const_iterator@PAUD3DDEVCOMBO_T@Ogre@@V?$allocator@PAUD3DDEVCOMBO_T@Ogre@@@std@@@2@IABQAUD3DDEVCOMBO_T@Ogre@@@Z 1002c7a0 f   OgreD3DMaterialTemplate.obj
 0001:0002b7a0       __ehhandler$?_Insert_n@?$vector@PAUTechCache@D3DMaterialTemplate@Ogre@@V?$allocator@PAUTechCache@D3DMaterialTemplate@Ogre@@@std@@@std@@IAEXV?$_Vector_const_iterator@PAUTechCache@D3DMaterialTemplate@Ogre@@V?$allocator@PAUTechCache@D3DMaterialTemplate@Ogre@@@std@@@2@IABQAUTechCache@D3DMaterialTemplate@Ogre@@@Z 1002c7a0 f   OgreD3DMaterialTemplate.obj
 0001:0002b7a0       __ehhandler$?_Insert_n@?$vector@PAUTechniqueDesc@Ogre@@V?$allocator@PAUTechniqueDesc@Ogre@@@std@@@std@@IAEXV?$_Vector_const_iterator@PAUTechniqueDesc@Ogre@@V?$allocator@PAUTechniqueDesc@Ogre@@@std@@@2@IABQAUTechniqueDesc@Ogre@@@Z 1002c7a0 f   OgreD3DMaterialTemplate.obj
 0001:0002b7a0       __ehhandler$?_Insert_n@?$vector@PAVD3D9TextureRenderTarget@Ogre@@V?$allocator@PAVD3D9TextureRenderTarget@Ogre@@@std@@@std@@IAEXV?$_Vector_const_iterator@PAVD3D9TextureRenderTarget@Ogre@@V?$allocator@PAVD3D9TextureRenderTarget@Ogre@@@std@@@2@IABQAVD3D9TextureRenderTarget@Ogre@@@Z 1002c7a0 f   OgreD3DMaterialTemplate.obj
 0001:0002b7a0       __ehhandler$?_Insert_n@?$vector@IV?$allocator@I@std@@@std@@IAEXV?$_Vector_const_iterator@IV?$allocator@I@std@@@2@IABI@Z 1002c7a0 f   OgreD3DMaterialTemplate.obj
 0001:0002b7a0       __ehhandler$?_Insert_n@?$vector@PAUD3DDEVICEINFO_T@Ogre@@V?$allocator@PAUD3DDEVICEINFO_T@Ogre@@@std@@@std@@IAEXV?$_Vector_const_iterator@PAUD3DDEVICEINFO_T@Ogre@@V?$allocator@PAUD3DDEVICEINFO_T@Ogre@@@std@@@2@IABQAUD3DDEVICEINFO_T@Ogre@@@Z 1002c7a0 f   OgreD3DMaterialTemplate.obj
 0001:0002b7a0       __ehhandler$?_Insert_n@?$vector@PAVD3D9VertexDecl@Ogre@@V?$allocator@PAVD3D9VertexDecl@Ogre@@@std@@@std@@IAEXV?$_Vector_const_iterator@PAVD3D9VertexDecl@Ogre@@V?$allocator@PAVD3D9VertexDecl@Ogre@@@std@@@2@IABQAVD3D9VertexDecl@Ogre@@@Z 1002c7a0 f   OgreD3DMaterialTemplate.obj
 0001:0002b7a0       __ehhandler$?_Insert_n@?$vector@PAVD3DRenderWindow@Ogre@@V?$allocator@PAVD3DRenderWindow@Ogre@@@std@@@std@@IAEXV?$_Vector_const_iterator@PAVD3DRenderWindow@Ogre@@V?$allocator@PAVD3DRenderWindow@Ogre@@@std@@@2@IABQAVD3DRenderWindow@Ogre@@@Z 1002c7a0 f   OgreD3DMaterialTemplate.obj
 0001:0002b7c0       __ehhandler$?_Buynode@?$_Tree@V?$_Tmap_traits@TShaderEnvKey@Ogre@@PAVD3DTech@2@U?$less@TShaderEnvKey@Ogre@@@std@@V?$allocator@U?$pair@$$CBTShaderEnvKey@Ogre@@PAVD3DTech@2@@std@@@5@$0A@@std@@@std@@IAEPAU_Node@?$_Tree_nod@V?$_Tmap_traits@TShaderEnvKey@Ogre@@PAVD3DTech@2@U?$less@TShaderEnvKey@Ogre@@@std@@V?$allocator@U?$pair@$$CBTShaderEnvKey@Ogre@@PAVD3DTech@2@@std@@@5@$0A@@std@@@2@XZ 1002c7c0 f   OgreD3DMaterialTemplate.obj
 0001:0002b7c0       __ehhandler$?_Buynode@?$_Tree@V?$_Tmap_traits@TShaderEnvKey@Ogre@@PAVCompiledShader@2@U?$less@TShaderEnvKey@Ogre@@@std@@V?$allocator@U?$pair@$$CBTShaderEnvKey@Ogre@@PAVCompiledShader@2@@std@@@5@$0A@@std@@@std@@IAEPAU_Node@?$_Tree_nod@V?$_Tmap_traits@TShaderEnvKey@Ogre@@PAVCompiledShader@2@U?$less@TShaderEnvKey@Ogre@@@std@@V?$allocator@U?$pair@$$CBTShaderEnvKey@Ogre@@PAVCompiledShader@2@@std@@@5@$0A@@std@@@2@XZ 1002c7c0 f   OgreD3DMaterialTemplate.obj
 0001:0002b7e0       __unwindfunclet$?_Buynode@?$_Tree@V?$_Tmap_traits@TShaderEnvKey@Ogre@@PAVD3DTech@2@U?$less@TShaderEnvKey@Ogre@@@std@@V?$allocator@U?$pair@$$CBTShaderEnvKey@Ogre@@PAVD3DTech@2@@std@@@5@$0A@@std@@@std@@IAEPAU_Node@?$_Tree_nod@V?$_Tmap_traits@TShaderEnvKey@Ogre@@PAVD3DTech@2@U?$less@TShaderEnvKey@Ogre@@@std@@V?$allocator@U?$pair@$$CBTShaderEnvKey@Ogre@@PAVD3DTech@2@@std@@@5@$0A@@std@@@2@PAU342@00ABU?$pair@$$CBTShaderEnvKey@Ogre@@PAVD3DTech@2@@2@D@Z$2 1002c7e0 f   OgreD3DMaterialTemplate.obj
 0001:0002b7e0       __unwindfunclet$?_Buynode@?$_Tree@V?$_Tmap_traits@TShaderEnvKey@Ogre@@PAVCompiledShader@2@U?$less@TShaderEnvKey@Ogre@@@std@@V?$allocator@U?$pair@$$CBTShaderEnvKey@Ogre@@PAVCompiledShader@2@@std@@@5@$0A@@std@@@std@@IAEPAU_Node@?$_Tree_nod@V?$_Tmap_traits@TShaderEnvKey@Ogre@@PAVCompiledShader@2@U?$less@TShaderEnvKey@Ogre@@@std@@V?$allocator@U?$pair@$$CBTShaderEnvKey@Ogre@@PAVCompiledShader@2@@std@@@5@$0A@@std@@@2@PAU342@00ABU?$pair@$$CBTShaderEnvKey@Ogre@@PAVCompiledShader@2@@2@D@Z$2 1002c7e0 f   OgreD3DMaterialTemplate.obj
 0001:0002b7f1       __ehhandler$?_Buynode@?$_Tree@V?$_Tmap_traits@TShaderEnvKey@Ogre@@PAVD3DTech@2@U?$less@TShaderEnvKey@Ogre@@@std@@V?$allocator@U?$pair@$$CBTShaderEnvKey@Ogre@@PAVD3DTech@2@@std@@@5@$0A@@std@@@std@@IAEPAU_Node@?$_Tree_nod@V?$_Tmap_traits@TShaderEnvKey@Ogre@@PAVD3DTech@2@U?$less@TShaderEnvKey@Ogre@@@std@@V?$allocator@U?$pair@$$CBTShaderEnvKey@Ogre@@PAVD3DTech@2@@std@@@5@$0A@@std@@@2@PAU342@00ABU?$pair@$$CBTShaderEnvKey@Ogre@@PAVD3DTech@2@@2@D@Z 1002c7f1 f   OgreD3DMaterialTemplate.obj
 0001:0002b7f1       __ehhandler$?_Buynode@?$_Tree@V?$_Tmap_traits@TShaderEnvKey@Ogre@@PAVCompiledShader@2@U?$less@TShaderEnvKey@Ogre@@@std@@V?$allocator@U?$pair@$$CBTShaderEnvKey@Ogre@@PAVCompiledShader@2@@std@@@5@$0A@@std@@@std@@IAEPAU_Node@?$_Tree_nod@V?$_Tmap_traits@TShaderEnvKey@Ogre@@PAVCompiledShader@2@U?$less@TShaderEnvKey@Ogre@@@std@@V?$allocator@U?$pair@$$CBTShaderEnvKey@Ogre@@PAVCompiledShader@2@@std@@@5@$0A@@std@@@2@PAU342@00ABU?$pair@$$CBTShaderEnvKey@Ogre@@PAVCompiledShader@2@@2@D@Z 1002c7f1 f   OgreD3DMaterialTemplate.obj
 0001:0002b810       __unwindfunclet$?erase@?$_Tree@V?$_Tmap_traits@VFixedString@Ogre@@PAVCompiledShaderGroup@2@U?$less@VFixedString@Ogre@@@std@@V?$allocator@U?$pair@$$CBVFixedString@Ogre@@PAVCompiledShaderGroup@2@@std@@@5@$0A@@std@@@std@@QAE?AViterator@12@Vconst_iterator@12@@Z$0 1002c810 f   OgreD3DMaterialTemplate.obj
 0001:0002b810       __unwindfunclet$?erase@?$_Tree@V?$_Tmap_traits@TShaderEnvKey@Ogre@@PAVD3DTech@2@U?$less@TShaderEnvKey@Ogre@@@std@@V?$allocator@U?$pair@$$CBTShaderEnvKey@Ogre@@PAVD3DTech@2@@std@@@5@$0A@@std@@@std@@QAE?AViterator@12@Vconst_iterator@12@@Z$0 1002c810 f   OgreD3DMaterialTemplate.obj
 0001:0002b810       __unwindfunclet$?erase@?$_Tree@V?$_Tmap_traits@TShaderEnvKey2@Ogre@@PAVD3DShaderTechnique@2@U?$less@TShaderEnvKey2@Ogre@@@std@@V?$allocator@U?$pair@$$CBTShaderEnvKey2@Ogre@@PAVD3DShaderTechnique@2@@std@@@5@$0A@@std@@@std@@QAE?AViterator@12@Vconst_iterator@12@@Z$0 1002c810 f   OgreD3DMaterialTemplate.obj
 0001:0002b810       __unwindfunclet$?erase@?$_Tree@V?$_Tmap_traits@TShaderEnvKey@Ogre@@PAVCompiledShader@2@U?$less@TShaderEnvKey@Ogre@@@std@@V?$allocator@U?$pair@$$CBTShaderEnvKey@Ogre@@PAVCompiledShader@2@@std@@@5@$0A@@std@@@std@@QAE?AViterator@12@Vconst_iterator@12@@Z$0 1002c810 f   OgreD3DMaterialTemplate.obj
 0001:0002b819       __ehhandler$?erase@?$_Tree@V?$_Tmap_traits@TShaderEnvKey@Ogre@@PAVD3DTech@2@U?$less@TShaderEnvKey@Ogre@@@std@@V?$allocator@U?$pair@$$CBTShaderEnvKey@Ogre@@PAVD3DTech@2@@std@@@5@$0A@@std@@@std@@QAE?AViterator@12@Vconst_iterator@12@@Z 1002c819 f   OgreD3DMaterialTemplate.obj
 0001:0002b819       __ehhandler$?erase@?$_Tree@V?$_Tmap_traits@VFixedString@Ogre@@PAVCompiledShaderGroup@2@U?$less@VFixedString@Ogre@@@std@@V?$allocator@U?$pair@$$CBVFixedString@Ogre@@PAVCompiledShaderGroup@2@@std@@@5@$0A@@std@@@std@@QAE?AViterator@12@Vconst_iterator@12@@Z 1002c819 f   OgreD3DMaterialTemplate.obj
 0001:0002b819       __ehhandler$?erase@?$_Tree@V?$_Tmap_traits@TShaderEnvKey@Ogre@@PAVCompiledShader@2@U?$less@TShaderEnvKey@Ogre@@@std@@V?$allocator@U?$pair@$$CBTShaderEnvKey@Ogre@@PAVCompiledShader@2@@std@@@5@$0A@@std@@@std@@QAE?AViterator@12@Vconst_iterator@12@@Z 1002c819 f   OgreD3DMaterialTemplate.obj
 0001:0002b819       __ehhandler$?erase@?$_Tree@V?$_Tmap_traits@TShaderEnvKey2@Ogre@@PAVD3DShaderTechnique@2@U?$less@TShaderEnvKey2@Ogre@@@std@@V?$allocator@U?$pair@$$CBTShaderEnvKey2@Ogre@@PAVD3DShaderTechnique@2@@std@@@5@$0A@@std@@@std@@QAE?AViterator@12@Vconst_iterator@12@@Z 1002c819 f   OgreD3DMaterialTemplate.obj
 0001:0002b840       __ehhandler$?_Buynode@?$_Tree@V?$_Tmap_traits@VFixedString@Ogre@@PAVCompiledShaderGroup@2@U?$less@VFixedString@Ogre@@@std@@V?$allocator@U?$pair@$$CBVFixedString@Ogre@@PAVCompiledShaderGroup@2@@std@@@5@$0A@@std@@@std@@IAEPAU_Node@?$_Tree_nod@V?$_Tmap_traits@VFixedString@Ogre@@PAVCompiledShaderGroup@2@U?$less@VFixedString@Ogre@@@std@@V?$allocator@U?$pair@$$CBVFixedString@Ogre@@PAVCompiledShaderGroup@2@@std@@@5@$0A@@std@@@2@XZ 1002c840 f   OgreD3DMaterialTemplate.obj
 0001:0002b860       __unwindfunclet$?_Buynode@?$_Tree@V?$_Tmap_traits@VFixedString@Ogre@@PAVCompiledShaderGroup@2@U?$less@VFixedString@Ogre@@@std@@V?$allocator@U?$pair@$$CBVFixedString@Ogre@@PAVCompiledShaderGroup@2@@std@@@5@$0A@@std@@@std@@IAEPAU_Node@?$_Tree_nod@V?$_Tmap_traits@VFixedString@Ogre@@PAVCompiledShaderGroup@2@U?$less@VFixedString@Ogre@@@std@@V?$allocator@U?$pair@$$CBVFixedString@Ogre@@PAVCompiledShaderGroup@2@@std@@@5@$0A@@std@@@2@PAU342@00ABU?$pair@$$CBVFixedString@Ogre@@PAVCompiledShaderGroup@2@@2@D@Z$2 1002c860 f   OgreD3DMaterialTemplate.obj
 0001:0002b871       __ehhandler$?_Buynode@?$_Tree@V?$_Tmap_traits@VFixedString@Ogre@@PAVCompiledShaderGroup@2@U?$less@VFixedString@Ogre@@@std@@V?$allocator@U?$pair@$$CBVFixedString@Ogre@@PAVCompiledShaderGroup@2@@std@@@5@$0A@@std@@@std@@IAEPAU_Node@?$_Tree_nod@V?$_Tmap_traits@VFixedString@Ogre@@PAVCompiledShaderGroup@2@U?$less@VFixedString@Ogre@@@std@@V?$allocator@U?$pair@$$CBVFixedString@Ogre@@PAVCompiledShaderGroup@2@@std@@@5@$0A@@std@@@2@PAU342@00ABU?$pair@$$CBVFixedString@Ogre@@PAVCompiledShaderGroup@2@@2@D@Z 1002c871 f   OgreD3DMaterialTemplate.obj
 0001:0002b890       __ehhandler$?_Buynode@?$_Tree@V?$_Tmap_traits@TShaderEnvKey2@Ogre@@PAVD3DShaderTechnique@2@U?$less@TShaderEnvKey2@Ogre@@@std@@V?$allocator@U?$pair@$$CBTShaderEnvKey2@Ogre@@PAVD3DShaderTechnique@2@@std@@@5@$0A@@std@@@std@@IAEPAU_Node@?$_Tree_nod@V?$_Tmap_traits@TShaderEnvKey2@Ogre@@PAVD3DShaderTechnique@2@U?$less@TShaderEnvKey2@Ogre@@@std@@V?$allocator@U?$pair@$$CBTShaderEnvKey2@Ogre@@PAVD3DShaderTechnique@2@@std@@@5@$0A@@std@@@2@XZ 1002c890 f   OgreD3DMaterialTemplate.obj
 0001:0002b8b0       __unwindfunclet$?_Buynode@?$_Tree@V?$_Tmap_traits@TShaderEnvKey2@Ogre@@PAVD3DShaderTechnique@2@U?$less@TShaderEnvKey2@Ogre@@@std@@V?$allocator@U?$pair@$$CBTShaderEnvKey2@Ogre@@PAVD3DShaderTechnique@2@@std@@@5@$0A@@std@@@std@@IAEPAU_Node@?$_Tree_nod@V?$_Tmap_traits@TShaderEnvKey2@Ogre@@PAVD3DShaderTechnique@2@U?$less@TShaderEnvKey2@Ogre@@@std@@V?$allocator@U?$pair@$$CBTShaderEnvKey2@Ogre@@PAVD3DShaderTechnique@2@@std@@@5@$0A@@std@@@2@PAU342@00ABU?$pair@$$CBTShaderEnvKey2@Ogre@@PAVD3DShaderTechnique@2@@2@D@Z$2 1002c8b0 f   OgreD3DMaterialTemplate.obj
 0001:0002b8c1       __ehhandler$?_Buynode@?$_Tree@V?$_Tmap_traits@TShaderEnvKey2@Ogre@@PAVD3DShaderTechnique@2@U?$less@TShaderEnvKey2@Ogre@@@std@@V?$allocator@U?$pair@$$CBTShaderEnvKey2@Ogre@@PAVD3DShaderTechnique@2@@std@@@5@$0A@@std@@@std@@IAEPAU_Node@?$_Tree_nod@V?$_Tmap_traits@TShaderEnvKey2@Ogre@@PAVD3DShaderTechnique@2@U?$less@TShaderEnvKey2@Ogre@@@std@@V?$allocator@U?$pair@$$CBTShaderEnvKey2@Ogre@@PAVD3DShaderTechnique@2@@std@@@5@$0A@@std@@@2@PAU342@00ABU?$pair@$$CBTShaderEnvKey2@Ogre@@PAVD3DShaderTechnique@2@@2@D@Z 1002c8c1 f   OgreD3DMaterialTemplate.obj
 0001:0002b8e0       __unwindfunclet$??0?$_Tree_ptr@V?$_Tmap_traits@TShaderEnvKey@Ogre@@PAVCompiledShader@2@U?$less@TShaderEnvKey@Ogre@@@std@@V?$allocator@U?$pair@$$CBTShaderEnvKey@Ogre@@PAVCompiledShader@2@@std@@@5@$0A@@std@@@std@@IAE@ABU?$less@TShaderEnvKey@Ogre@@@1@V?$allocator@U?$pair@$$CBTShaderEnvKey@Ogre@@PAVCompiledShader@2@@std@@@1@@Z$0 1002c8e0 f   OgreD3DMaterialTemplate.obj
 0001:0002b8e0       __unwindfunclet$??0?$_Tree_ptr@V?$_Tmap_traits@TShaderEnvKey@Ogre@@PAVD3DTech@2@U?$less@TShaderEnvKey@Ogre@@@std@@V?$allocator@U?$pair@$$CBTShaderEnvKey@Ogre@@PAVD3DTech@2@@std@@@5@$0A@@std@@@std@@IAE@ABU?$less@TShaderEnvKey@Ogre@@@1@V?$allocator@U?$pair@$$CBTShaderEnvKey@Ogre@@PAVD3DTech@2@@std@@@1@@Z$0 1002c8e0 f   OgreD3DMaterialTemplate.obj
 0001:0002b8e0       __unwindfunclet$??0?$_Tree_ptr@V?$_Tmap_traits@VFixedString@Ogre@@PAVCompiledShaderGroup@2@U?$less@VFixedString@Ogre@@@std@@V?$allocator@U?$pair@$$CBVFixedString@Ogre@@PAVCompiledShaderGroup@2@@std@@@5@$0A@@std@@@std@@IAE@ABU?$less@VFixedString@Ogre@@@1@V?$allocator@U?$pair@$$CBVFixedString@Ogre@@PAVCompiledShaderGroup@2@@std@@@1@@Z$0 1002c8e0 f   OgreD3DMaterialTemplate.obj
 0001:0002b8e0       __unwindfunclet$??0?$_Tree_ptr@V?$_Tmap_traits@TShaderEnvKey2@Ogre@@PAVD3DShaderTechnique@2@U?$less@TShaderEnvKey2@Ogre@@@std@@V?$allocator@U?$pair@$$CBTShaderEnvKey2@Ogre@@PAVD3DShaderTechnique@2@@std@@@5@$0A@@std@@@std@@IAE@ABU?$less@TShaderEnvKey2@Ogre@@@1@V?$allocator@U?$pair@$$CBTShaderEnvKey2@Ogre@@PAVD3DShaderTechnique@2@@std@@@1@@Z$0 1002c8e0 f   OgreD3DMaterialTemplate.obj
 0001:0002b8e8       __ehhandler$??0?$_Tree_ptr@V?$_Tmap_traits@TShaderEnvKey@Ogre@@PAVD3DTech@2@U?$less@TShaderEnvKey@Ogre@@@std@@V?$allocator@U?$pair@$$CBTShaderEnvKey@Ogre@@PAVD3DTech@2@@std@@@5@$0A@@std@@@std@@IAE@ABU?$less@TShaderEnvKey@Ogre@@@1@V?$allocator@U?$pair@$$CBTShaderEnvKey@Ogre@@PAVD3DTech@2@@std@@@1@@Z 1002c8e8 f   OgreD3DMaterialTemplate.obj
 0001:0002b8e8       __ehhandler$??0?$_Tree_ptr@V?$_Tmap_traits@TShaderEnvKey2@Ogre@@PAVD3DShaderTechnique@2@U?$less@TShaderEnvKey2@Ogre@@@std@@V?$allocator@U?$pair@$$CBTShaderEnvKey2@Ogre@@PAVD3DShaderTechnique@2@@std@@@5@$0A@@std@@@std@@IAE@ABU?$less@TShaderEnvKey2@Ogre@@@1@V?$allocator@U?$pair@$$CBTShaderEnvKey2@Ogre@@PAVD3DShaderTechnique@2@@std@@@1@@Z 1002c8e8 f   OgreD3DMaterialTemplate.obj
 0001:0002b8e8       __ehhandler$??0?$_Tree_ptr@V?$_Tmap_traits@TShaderEnvKey@Ogre@@PAVCompiledShader@2@U?$less@TShaderEnvKey@Ogre@@@std@@V?$allocator@U?$pair@$$CBTShaderEnvKey@Ogre@@PAVCompiledShader@2@@std@@@5@$0A@@std@@@std@@IAE@ABU?$less@TShaderEnvKey@Ogre@@@1@V?$allocator@U?$pair@$$CBTShaderEnvKey@Ogre@@PAVCompiledShader@2@@std@@@1@@Z 1002c8e8 f   OgreD3DMaterialTemplate.obj
 0001:0002b8e8       __ehhandler$??0?$_Tree_ptr@V?$_Tmap_traits@VFixedString@Ogre@@PAVCompiledShaderGroup@2@U?$less@VFixedString@Ogre@@@std@@V?$allocator@U?$pair@$$CBVFixedString@Ogre@@PAVCompiledShaderGroup@2@@std@@@5@$0A@@std@@@std@@IAE@ABU?$less@VFixedString@Ogre@@@1@V?$allocator@U?$pair@$$CBVFixedString@Ogre@@PAVCompiledShaderGroup@2@@std@@@1@@Z 1002c8e8 f   OgreD3DMaterialTemplate.obj
 0001:0002b910       __unwindfunclet$??1_Node@?$_Tree_nod@V?$_Tmap_traits@VFixedString@Ogre@@PAVCompiledShaderGroup@2@U?$less@VFixedString@Ogre@@@std@@V?$allocator@U?$pair@$$CBVFixedString@Ogre@@PAVCompiledShaderGroup@2@@std@@@5@$0A@@std@@@std@@QAE@XZ$0 1002c910 f   OgreD3DMaterialTemplate.obj
 0001:0002b910       __unwindfunclet$??0_Node@?$_Tree_nod@V?$_Tmap_traits@VFixedString@Ogre@@PAVCompiledShaderGroup@2@U?$less@VFixedString@Ogre@@@std@@V?$allocator@U?$pair@$$CBVFixedString@Ogre@@PAVCompiledShaderGroup@2@@std@@@5@$0A@@std@@@std@@QAE@PAU012@00ABU?$pair@$$CBVFixedString@Ogre@@PAVCompiledShaderGroup@2@@2@D@Z$0 1002c910 f   OgreD3DMaterialTemplate.obj
 0001:0002b91b       __ehhandler$??0_Node@?$_Tree_nod@V?$_Tmap_traits@VFixedString@Ogre@@PAVCompiledShaderGroup@2@U?$less@VFixedString@Ogre@@@std@@V?$allocator@U?$pair@$$CBVFixedString@Ogre@@PAVCompiledShaderGroup@2@@std@@@5@$0A@@std@@@std@@QAE@PAU012@00ABU?$pair@$$CBVFixedString@Ogre@@PAVCompiledShaderGroup@2@@2@D@Z 1002c91b f   OgreD3DMaterialTemplate.obj
 0001:0002b91b       __ehhandler$??1_Node@?$_Tree_nod@V?$_Tmap_traits@VFixedString@Ogre@@PAVCompiledShaderGroup@2@U?$less@VFixedString@Ogre@@@std@@V?$allocator@U?$pair@$$CBVFixedString@Ogre@@PAVCompiledShaderGroup@2@@std@@@5@$0A@@std@@@std@@QAE@XZ 1002c91b f   OgreD3DMaterialTemplate.obj
 0001:0002b940       __unwindfunclet$??0D3DRenderWindow@Ogre@@QAE@PAVD3D9RenderSystem@1@ABUInitDesc@RenderSystem@1@_N@Z$0 1002c940 f   OgreD3DRenderWindow.obj
 0001:0002b949       __ehhandler$??0D3DRenderWindow@Ogre@@QAE@PAVD3D9RenderSystem@1@ABUInitDesc@RenderSystem@1@_N@Z 1002c949 f   OgreD3DRenderWindow.obj
 0001:0002b964       __unwindfunclet$??1D3DRenderWindow@Ogre@@UAE@XZ$0 1002c964 f   OgreD3DRenderWindow.obj
 0001:0002b96d       __ehhandler$??1D3DRenderWindow@Ogre@@UAE@XZ 1002c96d f   OgreD3DRenderWindow.obj
 0001:0002b990       ??__ETWO_PI@Ogre@@YAXXZ    1002c990 f   OgreD3D9Plugin.obj
 0001:0002b9b0       ??__EHALF_PI@Ogre@@YAXXZ   1002c9b0 f   OgreD3D9Plugin.obj
 0001:0002b9d0       ??__EsPluginName@Ogre@@YAXXZ 1002c9d0 f   OgreD3D9Plugin.obj
 0001:0002ba00       ??__ETWO_PI@Ogre@@YAXXZ    1002ca00 f   OgreD3D9RenderSystem.obj
 0001:0002ba20       ??__EHALF_PI@Ogre@@YAXXZ   1002ca20 f   OgreD3D9RenderSystem.obj
 0001:0002ba40       ??__ETWO_PI@Ogre@@YAXXZ    1002ca40 f   OgreD3D9ShaderManager.obj
 0001:0002ba60       ??__EHALF_PI@Ogre@@YAXXZ   1002ca60 f   OgreD3D9ShaderManager.obj
 0001:0002ba80       ??__ETWO_PI@Ogre@@YAXXZ    1002ca80 f   OgreD3D9Technique.obj
 0001:0002baa0       ??__EHALF_PI@Ogre@@YAXXZ   1002caa0 f   OgreD3D9Technique.obj
 0001:0002bac0       ??__ETWO_PI@Ogre@@YAXXZ    1002cac0 f   OgreD3D9Technique_Impl.obj
 0001:0002bae0       ??__EHALF_PI@Ogre@@YAXXZ   1002cae0 f   OgreD3D9Technique_Impl.obj
 0001:0002bb00       ??__ETWO_PI@Ogre@@YAXXZ    1002cb00 f   OgreD3D9VertexDecl.obj
 0001:0002bb20       ??__EHALF_PI@Ogre@@YAXXZ   1002cb20 f   OgreD3D9VertexDecl.obj
 0001:0002bb40       ??__ETWO_PI@Ogre@@YAXXZ    1002cb40 f   OgreD3DMaterialTemplate.obj
 0001:0002bb60       ??__EHALF_PI@Ogre@@YAXXZ   1002cb60 f   OgreD3DMaterialTemplate.obj
 0001:0002bb80       ??__FsPluginName@Ogre@@YAXXZ 1002cb80 f   OgreD3D9Plugin.obj

 Exports

  ordinal    name

        1    _dllStartPlugin
               exported name: dllStartPlugin
        2    _dllStopPlugin
               exported name: dllStopPlugin
